test_extracts_commands_and_ignores_comments_and_placeholders (test_manual_cli_drift_audit.TestManualCliDriftAudit.test_extracts_commands_and_ignores_comments_and_placeholders) ... ok
test_manual_cli_drift_audit_passes (test_manual_cli_drift_audit.TestManualCliDriftAudit.test_manual_cli_drift_audit_passes) ... ok
test_unknown_command_in_listing_fails (test_manual_cli_drift_audit.TestManualCliDriftAudit.test_unknown_command_in_listing_fails) ... ok
test_integration_chapters_are_in_appendix_part (test_manual_integration_lane_boundary.TestManualIntegrationLaneBoundary.test_integration_chapters_are_in_appendix_part) ... ok
test_overview_marks_mcp_and_synthgen_as_optional_integrations (test_manual_integration_lane_boundary.TestManualIntegrationLaneBoundary.test_overview_marks_mcp_and_synthgen_as_optional_integrations) ... ok
test_manifest_docs_chapter_is_maintenance_focused (test_manual_manifest_roles.TestManualManifestRoles.test_manifest_docs_chapter_is_maintenance_focused) ... ok
test_tool_registry_chapter_is_discovery_focused (test_manual_manifest_roles.TestManualManifestRoles.test_tool_registry_chapter_is_discovery_focused) ... ok
test_manual_declares_reader_parts_in_order (test_manual_part_structure.TestManualPartStructure.test_manual_declares_reader_parts_in_order) ... ok
test_troubleshooting_is_in_quickstart_part (test_manual_part_structure.TestManualPartStructure.test_troubleshooting_is_in_quickstart_part) ... ok
test_base_prediction_examples_pass_strict_validation (test_manual_prediction_examples.TestManualPredictionExamples.test_base_prediction_examples_pass_strict_validation) ... ok
test_chapter_includes_metric_glossary (test_manual_predictions_examples.TestManualPredictionsExamples.test_chapter_includes_metric_glossary) ... ok
test_chapter_includes_minimal_task_examples (test_manual_predictions_examples.TestManualPredictionsExamples.test_chapter_includes_minimal_task_examples) ... ok
test_overview_uses_automation_framing (test_manual_readability.TestManualReadability.test_overview_uses_automation_framing) ... ok
test_representative_manual_sections_avoid_formal_fillers (test_manual_readability.TestManualReadability.test_representative_manual_sections_avoid_formal_fillers) ... ok
test_install_chapter_includes_first_failure_checklist (test_manual_troubleshooting_path.TestManualTroubleshootingPath.test_install_chapter_includes_first_failure_checklist) ... ok
test_troubleshooting_chapter_expands_common_failures (test_manual_troubleshooting_path.TestManualTroubleshootingPath.test_troubleshooting_chapter_expands_common_failures) ... ok
test_audience_sections_are_named (test_manual_ttt_chapter_structure.TestManualTttChapterStructure.test_audience_sections_are_named) ... ok
test_operator_quickstart_appears_before_deep_material (test_manual_ttt_chapter_structure.TestManualTttChapterStructure.test_operator_quickstart_appears_before_deep_material) ... ok
test_quickstart_has_operator_acceptance_fields (test_manual_ttt_chapter_structure.TestManualTttChapterStructure.test_quickstart_has_operator_acceptance_fields) ... ok
test_major_workflow_chapters_start_with_operator_opening (test_manual_workflow_openings.TestManualWorkflowOpenings.test_major_workflow_chapters_start_with_operator_opening) ... ok
test_overview_surfaces_learning_mode_comparison_early (test_manual_workflow_openings.TestManualWorkflowOpenings.test_overview_surfaces_learning_mode_comparison_early) ... ok
test_workflow_opening_macro_defines_operator_template (test_manual_workflow_openings.TestManualWorkflowOpenings.test_workflow_opening_macro_defines_operator_template) ... ok

----------------------------------------------------------------------
Ran 22 tests in 6.667s

OK
