&&&& RUNNING TensorRT.trtexec [TensorRT v100300] # trtexec --loadEngine=reports/ci_trt_smoke/model_fp16.plan --iterations=1 --warmUp=0
[03/01/2026-01:59:01] [I] === Model Options ===
[03/01/2026-01:59:01] [I] Format: *
[03/01/2026-01:59:01] [I] Model: 
[03/01/2026-01:59:01] [I] Output:
[03/01/2026-01:59:01] [I] 
[03/01/2026-01:59:01] [I] === System Options ===
[03/01/2026-01:59:01] [I] Device: 0
[03/01/2026-01:59:01] [I] DLACore: 
[03/01/2026-01:59:01] [I] Plugins:
[03/01/2026-01:59:01] [I] setPluginsToSerialize:
[03/01/2026-01:59:01] [I] dynamicPlugins:
[03/01/2026-01:59:01] [I] ignoreParsedPluginLibs: 0
[03/01/2026-01:59:01] [I] 
[03/01/2026-01:59:01] [I] === Inference Options ===
[03/01/2026-01:59:01] [I] Batch: Explicit
[03/01/2026-01:59:01] [I] Input inference shapes: model
[03/01/2026-01:59:01] [I] Iterations: 1
[03/01/2026-01:59:01] [I] Duration: 3s (+ 0ms warm up)
[03/01/2026-01:59:01] [I] Sleep time: 0ms
[03/01/2026-01:59:01] [I] Idle time: 0ms
[03/01/2026-01:59:01] [I] Inference Streams: 1
[03/01/2026-01:59:01] [I] ExposeDMA: Disabled
[03/01/2026-01:59:01] [I] Data transfers: Enabled
[03/01/2026-01:59:01] [I] Spin-wait: Disabled
[03/01/2026-01:59:01] [I] Multithreading: Disabled
[03/01/2026-01:59:01] [I] CUDA Graph: Disabled
[03/01/2026-01:59:01] [I] Separate profiling: Disabled
[03/01/2026-01:59:01] [I] Time Deserialize: Disabled
[03/01/2026-01:59:01] [I] Time Refit: Disabled
[03/01/2026-01:59:01] [I] NVTX verbosity: 0
[03/01/2026-01:59:01] [I] Persistent Cache Ratio: 0
[03/01/2026-01:59:01] [I] Optimization Profile Index: 0
[03/01/2026-01:59:01] [I] Weight Streaming Budget: 100.000000%
[03/01/2026-01:59:01] [I] Inputs:
[03/01/2026-01:59:01] [I] Debug Tensor Save Destinations:
[03/01/2026-01:59:01] [I] === Reporting Options ===
[03/01/2026-01:59:01] [I] Verbose: Disabled
[03/01/2026-01:59:01] [I] Averages: 10 inferences
[03/01/2026-01:59:01] [I] Percentiles: 90,95,99
[03/01/2026-01:59:01] [I] Dump refittable layers:Disabled
[03/01/2026-01:59:01] [I] Dump output: Disabled
[03/01/2026-01:59:01] [I] Profile: Disabled
[03/01/2026-01:59:01] [I] Export timing to JSON file: 
[03/01/2026-01:59:01] [I] Export output to JSON file: 
[03/01/2026-01:59:01] [I] Export profile to JSON file: 
[03/01/2026-01:59:01] [I] 
[03/01/2026-01:59:01] [I] === Device Information ===
[03/01/2026-01:59:02] [I] Available Devices: 
[03/01/2026-01:59:02] [I]   Device 0: "Tesla T4" UUID: GPU-5fe57ca5-0de4-b348-0665-2960dfb44cd8
[03/01/2026-01:59:02] [I] Selected Device: Tesla T4
[03/01/2026-01:59:02] [I] Selected Device ID: 0
[03/01/2026-01:59:02] [I] Selected Device UUID: GPU-5fe57ca5-0de4-b348-0665-2960dfb44cd8
[03/01/2026-01:59:02] [I] Compute Capability: 7.5
[03/01/2026-01:59:02] [I] SMs: 40
[03/01/2026-01:59:02] [I] Device Global Memory: 14917 MiB
[03/01/2026-01:59:02] [I] Shared Memory per SM: 64 KiB
[03/01/2026-01:59:02] [I] Memory Bus Width: 256 bits (ECC enabled)
[03/01/2026-01:59:02] [I] Application Compute Clock Rate: 1.59 GHz
[03/01/2026-01:59:02] [I] Application Memory Clock Rate: 5.001 GHz
[03/01/2026-01:59:02] [I] 
[03/01/2026-01:59:02] [I] Note: The application clock rates do not reflect the actual clock rates that the GPU is currently running at.
[03/01/2026-01:59:02] [I] 
[03/01/2026-01:59:02] [I] TensorRT version: 10.3.0
[03/01/2026-01:59:02] [I] Loading standard plugins
[03/01/2026-01:59:02] [I] [TRT] Loaded engine size: 0 MiB
[03/01/2026-01:59:02] [I] Engine deserialized in 0.0225788 sec.
[03/01/2026-01:59:02] [I] [TRT] [MemUsageChange] TensorRT-managed allocation in IExecutionContext creation: CPU +0, GPU +0, now: CPU 0, GPU 0 (MiB)
[03/01/2026-01:59:02] [I] Setting persistentCacheLimit to 0 bytes.
[03/01/2026-01:59:02] [I] Created execution context with device memory size: 0.000976562 MiB
[03/01/2026-01:59:02] [I] Using random values for input images
[03/01/2026-01:59:02] [I] Input binding for images with dimensions 1x3x64x64 is created.
[03/01/2026-01:59:02] [I] Output binding for output0 with dimensions 1x2x6 is created.
[03/01/2026-01:59:02] [I] Starting inference
[03/01/2026-01:59:05] [I] Warmup completed 0 queries over 0 ms
[03/01/2026-01:59:05] [I] Timing trace has 66452 queries over 2.99996 s
[03/01/2026-01:59:05] [I] 
[03/01/2026-01:59:05] [I] === Trace details ===
[03/01/2026-01:59:05] [I] Trace averages of 10 runs:
[03/01/2026-01:59:05] [I] Average on 10 runs - GPU latency: 4.47106 ms - Host latency: 4.48919 ms (enqueue 4.47639 ms)
[03/01/2026-01:59:05] [I] Average on 10 runs - GPU latency: 0.0128414 ms - Host latency: 0.0280922 ms (enqueue 0.0151112 ms)
[03/01/2026-01:59:05] [I] Average on 10 runs - GPU latency: 0.0113861 ms - Host latency: 0.0264545 ms (enqueue 0.0150818 ms)
[03/01/2026-01:59:05] [I] Average on 10 runs - GPU latency: 0.0116024 ms - Host latency: 0.0265842 ms (enqueue 0.0157108 ms)
[03/01/2026-01:59:05] [I] Average on 10 runs - GPU latency: 0.0122013 ms - Host latency: 0.0277245 ms (enqueue 0.016346 ms)
[03/01/2026-01:59:05] [I] Average on 10 runs - GPU latency: 0.0117989 ms - Host latency: 0.0267338 ms (enqueue 0.0145924 ms)
[03/01/2026-01:59:05] [I] Average on 10 runs - GPU latency: 0.0114529 ms - Host latency: 0.0263397 ms (enqueue 0.0146278 ms)
[03/01/2026-01:59:05] [I] Average on 10 runs - GPU latency: 0.0123554 ms - Host latency: 0.0273018 ms (enqueue 0.0164906 ms)
[03/01/2026-01:59:05] [I] Average on 10 runs - GPU latency: 0.0116482 ms - Host latency: 0.0265484 ms (enqueue 0.0148434 ms)
[03/01/2026-01:59:05] [I] Average on 10 runs - GPU latency: 0.0127552 ms - Host latency: 0.0281765 ms (enqueue 0.0169193 ms)
[03/01/2026-01:59:05] [I] Average on 10 runs - GPU latency: 0.011517 ms - Host latency: 0.0265469 ms (enqueue 0.0146137 ms)
[03/01/2026-01:59:05] [I] Average on 10 runs - GPU latency: 0.0123741 ms - Host latency: 0.0274494 ms (enqueue 0.016048 ms)
[03/01/2026-01:59:05] [I] Average on 10 runs - GPU latency: 0.0124966 ms - Host latency: 0.0278675 ms (enqueue 0.0154667 ms)
[03/01/2026-01:59:05] [I] Average on 10 runs - GPU latency: 0.0127647 ms - Host latency: 0.0279945 ms (enqueue 0.0171753 ms)
[03/01/2026-01:59:05] [I] Average on 10 runs - GPU latency: 0.0115131 ms - Host latency: 0.0264622 ms (enqueue 0.0151546 ms)
[03/01/2026-01:59:05] [I] Average on 10 runs - GPU latency: 0.0111904 ms - Host latency: 0.0261162 ms (enqueue 0.0146431 ms)
[03/01/2026-01:59:05] [I] Average on 10 runs - GPU latency: 0.0112583 ms - Host latency: 0.0276855 ms (enqueue 0.0150703 ms)
[03/01/2026-01:59:05] [I] Average on 10 runs - GPU latency: 0.0114494 ms - Host latency: 0.0266552 ms (enqueue 0.0147156 ms)
[03/01/2026-01:59:05] [I] Average on 10 runs - GPU latency: 0.0123039 ms - Host latency: 0.0281734 ms (enqueue 0.014864 ms)
[03/01/2026-01:59:05] [I] Average on 10 runs - GPU latency: 0.011552 ms - Host latency: 0.0265514 ms (enqueue 0.0150085 ms)
[03/01/2026-01:59:05] [I] Average on 10 runs - GPU latency: 0.0119202 ms - Host latency: 0.0269955 ms (enqueue 0.0151276 ms)
[03/01/2026-01:59:05] [I] Average on 10 runs - GPU latency: 0.0120609 ms - Host latency: 0.0271084 ms (enqueue 0.0161163 ms)
[03/01/2026-01:59:05] [I] Average on 10 runs - GPU latency: 0.0115192 ms - Host latency: 0.0264149 ms (enqueue 0.0145008 ms)
[03/01/2026-01:59:05] [I] Average on 10 runs - GPU latency: 0.0125629 ms - Host latency: 0.0276348 ms (enqueue 0.0168427 ms)
[03/01/2026-01:59:05] [I] Average on 10 runs - GPU latency: 0.0114685 ms - Host latency: 0.0263943 ms (enqueue 0.0147293 ms)
[03/01/2026-01:59:05] [I] Average on 10 runs - GPU latency: 0.0114494 ms - Host latency: 0.0265057 ms (enqueue 0.0147522 ms)
[03/01/2026-01:59:05] [I] Average on 10 runs - GPU latency: 0.0116215 ms - Host latency: 0.0265999 ms (enqueue 0.0141964 ms)
[03/01/2026-01:59:05] [I] Average on 10 runs - GPU latency: 0.0112247 ms - Host latency: 0.0261311 ms (enqueue 0.014695 ms)
[03/01/2026-01:59:05] [I] Average on 10 runs - GPU latency: 0.0116135 ms - Host latency: 0.0264557 ms (enqueue 0.0148033 ms)
[03/01/2026-01:59:05] [I] Average on 10 runs - GPU latency: 0.0115807 ms - Host latency: 0.0270107 ms (enqueue 0.0148029 ms)
[03/01/2026-01:59:05] [I] Average on 10 runs - GPU latency: 0.0115585 ms - Host latency: 0.0266445 ms (enqueue 0.0146942 ms)
[03/01/2026-01:59:05] [I] Average on 10 runs - GPU latency: 0.0114883 ms - Host latency: 0.0267002 ms (enqueue 0.0150311 ms)
[03/01/2026-01:59:05] [I] Average on 10 runs - GPU latency: 0.0114235 ms - Host latency: 0.0271191 ms (enqueue 0.014867 ms)
[03/01/2026-01:59:05] [I] Average on 10 runs - GPU latency: 0.0113087 ms - Host latency: 0.0262535 ms (enqueue 0.014481 ms)
[03/01/2026-01:59:05] [I] Average on 10 runs - GPU latency: 0.0124226 ms - Host latency: 0.0278969 ms (enqueue 0.0164555 ms)
[03/01/2026-01:59:05] [I] Average on 10 runs - GPU latency: 0.0117596 ms - Host latency: 0.0267025 ms (enqueue 0.0147347 ms)
[03/01/2026-01:59:05] [I] Average on 10 runs - GPU latency: 0.011565 ms - Host latency: 0.0265354 ms (enqueue 0.0151302 ms)
[03/01/2026-01:59:05] [I] Average on 10 runs - GPU latency: 0.0117794 ms - Host latency: 0.0267662 ms (enqueue 0.01464 ms)
[03/01/2026-01:59:05] [I] Average on 10 runs - GPU latency: 0.0115776 ms - Host latency: 0.026619 ms (enqueue 0.0149403 ms)
[03/01/2026-01:59:05] [I] Average on 10 runs - GPU latency: 0.0121571 ms - Host latency: 0.0272354 ms (enqueue 0.014777 ms)
[03/01/2026-01:59:05] [I] Average on 10 runs - GPU latency: 0.0111637 ms - Host latency: 0.0262356 ms (enqueue 0.0152336 ms)
[03/01/2026-01:59:05] [I] Average on 10 runs - GPU latency: 0.0114948 ms - Host latency: 0.0264832 ms (enqueue 0.0151989 ms)
[03/01/2026-01:59:05] [I] Average on 10 runs - GPU latency: 0.0114792 ms - Host latency: 0.026519 ms (enqueue 0.014917 ms)
[03/01/2026-01:59:05] [I] Average on 10 runs - GPU latency: 0.0119034 ms - Host latency: 0.0267998 ms (enqueue 0.0153603 ms)
[03/01/2026-01:59:05] [I] Average on 10 runs - GPU latency: 0.011451 ms - Host latency: 0.0264969 ms (enqueue 0.0150398 ms)
[03/01/2026-01:59:05] [I] Average on 10 runs - GPU latency: 0.0119843 ms - Host latency: 0.0270432 ms (enqueue 0.0163963 ms)
[03/01/2026-01:59:05] [I] Average on 10 runs - GPU latency: 0.0114395 ms - Host latency: 0.0264206 ms (enqueue 0.015313 ms)
[03/01/2026-01:59:05] [I] Average on 10 runs - GPU latency: 0.0115097 ms - Host latency: 0.0264885 ms (enqueue 0.0152466 ms)
[03/01/2026-01:59:05] [I] Average on 10 runs - GPU latency: 0.0119904 ms - Host latency: 0.0270569 ms (enqueue 0.0158493 ms)
[03/01/2026-01:59:05] [I] Average on 10 runs - GPU latency: 0.0113159 ms - Host latency: 0.0263733 ms (enqueue 0.0148659 ms)
[03/01/2026-01:59:05] [I] Average on 10 runs - GPU latency: 0.0112442 ms - Host latency: 0.0275131 ms (enqueue 0.0153236 ms)
[03/01/2026-01:59:05] [I] Average on 10 runs - GPU latency: 0.0113625 ms - Host latency: 0.0264336 ms (enqueue 0.0153351 ms)
[03/01/2026-01:59:05] [I] Average on 10 runs - GPU latency: 0.0114372 ms - Host latency: 0.0265747 ms (enqueue 0.0153038 ms)
[03/01/2026-01:59:05] [I] Average on 10 runs - GPU latency: 0.0114975 ms - Host latency: 0.0265907 ms (enqueue 0.0149269 ms)
[03/01/2026-01:59:05] [I] Average on 10 runs - GPU latency: 0.0123306 ms - Host latency: 0.0273407 ms (enqueue 0.0165092 ms)
[03/01/2026-01:59:05] [I] Average on 10 runs - GPU latency: 0.0116821 ms - Host latency: 0.0266266 ms (enqueue 0.015136 ms)
[03/01/2026-01:59:05] [I] Average on 10 runs - GPU latency: 0.0112572 ms - Host latency: 0.0267387 ms (enqueue 0.0150597 ms)
[03/01/2026-01:59:05] [I] Average on 10 runs - GPU latency: 0.0117996 ms - Host latency: 0.0268417 ms (enqueue 0.0163185 ms)
[03/01/2026-01:59:05] [I] Average on 10 runs - GPU latency: 0.0113747 ms - Host latency: 0.0263329 ms (enqueue 0.0152893 ms)
[03/01/2026-01:59:05] [I] Average on 10 runs - GPU latency: 0.0115997 ms - Host latency: 0.0264832 ms (enqueue 0.0150673 ms)
[03/01/2026-01:59:05] [I] Average on 10 runs - GPU latency: 0.0116486 ms - Host latency: 0.0266029 ms (enqueue 0.0150352 ms)
[03/01/2026-01:59:05] [I] Average on 10 runs - GPU latency: 0.0123802 ms - Host latency: 0.0274895 ms (enqueue 0.0169121 ms)
[03/01/2026-01:59:05] [I] Average on 10 runs - GPU latency: 0.0117821 ms - Host latency: 0.0267342 ms (enqueue 0.015274 ms)
[03/01/2026-01:59:05] [I] Average on 10 runs - GPU latency: 0.013089 ms - Host latency: 0.0281578 ms (enqueue 0.0175957 ms)
[03/01/2026-01:59:05] [I] Average on 10 runs - GPU latency: 0.0115135 ms - Host latency: 0.0265053 ms (enqueue 0.0149162 ms)
[03/01/2026-01:59:05] [I] Average on 10 runs - GPU latency: 0.0130981 ms - Host latency: 0.0281013 ms (enqueue 0.0171387 ms)
[03/01/2026-01:59:05] [I] Average on 10 runs - GPU latency: 0.0115692 ms - Host latency: 0.0271034 ms (enqueue 0.0154358 ms)
[03/01/2026-01:59:05] [I] Average on 10 runs - GPU latency: 0.0129921 ms - Host latency: 0.028154 ms (enqueue 0.0169876 ms)
[03/01/2026-01:59:05] [I] Average on 10 runs - GPU latency: 0.0113251 ms - Host latency: 0.0267738 ms (enqueue 0.0152916 ms)
[03/01/2026-01:59:05] [I] Average on 10 runs - GPU latency: 0.0126007 ms - Host latency: 0.0276176 ms (enqueue 0.016684 ms)
[03/01/2026-01:59:05] [I] Average on 10 runs - GPU latency: 0.0118973 ms - Host latency: 0.0270683 ms (enqueue 0.0151558 ms)
[03/01/2026-01:59:05] [I] Average on 10 runs - GPU latency: 0.0117943 ms - Host latency: 0.0266327 ms (enqueue 0.015078 ms)
[03/01/2026-01:59:05] [I] Average on 10 runs - GPU latency: 0.0114967 ms - Host latency: 0.0265793 ms (enqueue 0.0150124 ms)
[03/01/2026-01:59:05] [I] Average on 10 runs - GPU latency: 0.011647 ms - Host latency: 0.0266144 ms (enqueue 0.0151093 ms)
[03/01/2026-01:59:05] [I] Average on 10 runs - GPU latency: 0.0115013 ms - Host latency: 0.0267303 ms (enqueue 0.0153824 ms)
[03/01/2026-01:59:05] [I] Average on 10 runs - GPU latency: 0.0116226 ms - Host latency: 0.027179 ms (enqueue 0.0155769 ms)
[03/01/2026-01:59:05] [I] Average on 10 runs - GPU latency: 0.0122597 ms - Host latency: 0.0274498 ms (enqueue 0.0153717 ms)
[03/01/2026-01:59:05] [I] Average on 10 runs - GPU latency: 0.0117027 ms - Host latency: 0.0266609 ms (enqueue 0.0149345 ms)
[03/01/2026-01:59:05] [I] Average on 10 runs - GPU latency: 0.0119873 ms - Host latency: 0.0270157 ms (enqueue 0.0149521 ms)
[03/01/2026-01:59:05] [I] Average on 10 runs - GPU latency: 0.0117233 ms - Host latency: 0.0266373 ms (enqueue 0.0151436 ms)
[03/01/2026-01:59:05] [I] Average on 10 runs - GPU latency: 0.0117226 ms - Host latency: 0.0269653 ms (enqueue 0.0150703 ms)
[03/01/2026-01:59:05] [I] Average on 10 runs - GPU latency: 0.0115494 ms - Host latency: 0.0265022 ms (enqueue 0.0156708 ms)
[03/01/2026-01:59:05] [I] Average on 10 runs - GPU latency: 0.0116936 ms - Host latency: 0.0266663 ms (enqueue 0.0149239 ms)
[03/01/2026-01:59:05] [I] Average on 10 runs - GPU latency: 0.0112854 ms - Host latency: 0.0278351 ms (enqueue 0.0152451 ms)
[03/01/2026-01:59:05] [I] Average on 10 runs - GPU latency: 0.0115631 ms - Host latency: 0.0265152 ms (enqueue 0.015107 ms)
[03/01/2026-01:59:05] [I] Average on 10 runs - GPU latency: 0.0122864 ms - Host latency: 0.0274551 ms (enqueue 0.0150826 ms)
[03/01/2026-01:59:05] [I] Average on 10 runs - GPU latency: 0.0116409 ms - Host latency: 0.0265541 ms (enqueue 0.0150909 ms)
[03/01/2026-01:59:05] [I] Average on 10 runs - GPU latency: 0.0124992 ms - Host latency: 0.027549 ms (enqueue 0.0169624 ms)
[03/01/2026-01:59:05] [I] Average on 10 runs - GPU latency: 0.0117325 ms - Host latency: 0.0266304 ms (enqueue 0.0150352 ms)
[03/01/2026-01:59:05] [I] Average on 10 runs - GPU latency: 0.011805 ms - Host latency: 0.0273209 ms (enqueue 0.0149712 ms)
[03/01/2026-01:59:05] [I] Average on 10 runs - GPU latency: 0.0115471 ms - Host latency: 0.02668 ms (enqueue 0.015303 ms)
[03/01/2026-01:59:05] [I] Average on 10 runs - GPU latency: 0.0113792 ms - Host latency: 0.026313 ms (enqueue 0.0149704 ms)
[03/01/2026-01:59:05] [I] Average on 10 runs - GPU latency: 0.0117157 ms - Host latency: 0.0272545 ms (enqueue 0.0163719 ms)
[03/01/2026-01:59:05] [I] Average on 10 runs - GPU latency: 0.0113098 ms - Host latency: 0.0266289 ms (enqueue 0.0149673 ms)
[03/01/2026-01:59:05] [I] Average on 10 runs - GPU latency: 0.011393 ms - Host latency: 0.0264061 ms (enqueue 0.015007 ms)
[03/01/2026-01:59:05] [I] Average on 10 runs - GPU latency: 0.0113609 ms - Host latency: 0.0263054 ms (enqueue 0.0147964 ms)
[03/01/2026-01:59:05] [I] Average on 10 runs - GPU latency: 0.0123764 ms - Host latency: 0.0274574 ms (enqueue 0.0165543 ms)
[03/01/2026-01:59:05] [I] Average on 10 runs - GPU latency: 0.0113976 ms - Host latency: 0.026384 ms (enqueue 0.0151085 ms)
[03/01/2026-01:59:05] [I] Average on 10 runs - GPU latency: 0.0115616 ms - Host latency: 0.0265564 ms (enqueue 0.0152702 ms)
[03/01/2026-01:59:05] [I] Average on 10 runs - GPU latency: 0.0112038 ms - Host latency: 0.0262871 ms (enqueue 0.0151825 ms)
[03/01/2026-01:59:05] [I] Average on 10 runs - GPU latency: 0.0118332 ms - Host latency: 0.0266548 ms (enqueue 0.0151352 ms)
[03/01/2026-01:59:05] [I] Average on 10 runs - GPU latency: 0.0120506 ms - Host latency: 0.0270714 ms (enqueue 0.0160194 ms)
[03/01/2026-01:59:05] [I] Average on 10 runs - GPU latency: 0.011644 ms - Host latency: 0.0270081 ms (enqueue 0.015786 ms)
[03/01/2026-01:59:05] [I] Average on 10 runs - GPU latency: 0.0113518 ms - Host latency: 0.0263474 ms (enqueue 0.0155464 ms)
[03/01/2026-01:59:05] [I] Average on 10 runs - GPU latency: 0.0113304 ms - Host latency: 0.0264359 ms (enqueue 0.0151787 ms)
[03/01/2026-01:59:05] [I] Average on 10 runs - GPU latency: 0.0118141 ms - Host latency: 0.0282806 ms (enqueue 0.015123 ms)
[03/01/2026-01:59:05] [I] Average on 10 runs - GPU latency: 0.0114937 ms - Host latency: 0.0264565 ms (enqueue 0.0150757 ms)
[03/01/2026-01:59:05] [I] Average on 10 runs - GPU latency: 0.0120453 ms - Host latency: 0.027343 ms (enqueue 0.0166542 ms)
[03/01/2026-01:59:05] [I] Average on 10 runs - GPU latency: 0.0112144 ms - Host latency: 0.0261398 ms (enqueue 0.0150391 ms)
[03/01/2026-01:59:05] [I] Average on 10 runs - GPU latency: 0.0115814 ms - Host latency: 0.0271034 ms (enqueue 0.0150314 ms)
[03/01/2026-01:59:05] [I] Average on 10 runs - GPU latency: 0.0117104 ms - Host latency: 0.0268288 ms (enqueue 0.0160217 ms)
[03/01/2026-01:59:05] [I] Average on 10 runs - GPU latency: 0.0114586 ms - Host latency: 0.0263039 ms (enqueue 0.0149422 ms)
[03/01/2026-01:59:05] [I] Average on 10 runs - GPU latency: 0.0116577 ms - Host latency: 0.0266685 ms (enqueue 0.0154457 ms)
[03/01/2026-01:59:05] [I] Average on 10 runs - GPU latency: 0.011792 ms - Host latency: 0.0268227 ms (enqueue 0.0151009 ms)
[03/01/2026-01:59:05] [I] Average on 10 runs - GPU latency: 0.0125038 ms - Host latency: 0.0275444 ms (enqueue 0.0166153 ms)
[03/01/2026-01:59:05] [I] Average on 10 runs - GPU latency: 0.0118088 ms - Host latency: 0.026828 ms (enqueue 0.0147995 ms)
[03/01/2026-01:59:05] [I] Average on 10 runs - GPU latency: 0.0125313 ms - Host latency: 0.0278687 ms (enqueue 0.0169838 ms)
[03/01/2026-01:59:05] [I] Average on 10 runs - GPU latency: 0.0114395 ms - Host latency: 0.0266792 ms (enqueue 0.0153824 ms)
[03/01/2026-01:59:05] [I] Average on 10 runs - GPU latency: 0.0123367 ms - Host latency: 0.0274399 ms (enqueue 0.0172569 ms)
[03/01/2026-01:59:05] [I] Average on 10 runs - GPU latency: 0.0118019 ms - Host latency: 0.0270599 ms (enqueue 0.0150871 ms)
[03/01/2026-01:59:05] [I] Average on 10 runs - GPU latency: 0.0124252 ms - Host latency: 0.0279388 ms (enqueue 0.0171875 ms)
[03/01/2026-01:59:05] [I] Average on 10 runs - GPU latency: 0.0114265 ms - Host latency: 0.0262413 ms (enqueue 0.0150246 ms)
[03/01/2026-01:59:05] [I] Average on 10 runs - GPU latency: 0.0123924 ms - Host latency: 0.0273727 ms (enqueue 0.0169006 ms)
[03/01/2026-01:59:05] [I] Average on 10 runs - GPU latency: 0.0111481 ms - Host latency: 0.0262131 ms (enqueue 0.0149986 ms)
[03/01/2026-01:59:05] [I] Average on 10 runs - GPU latency: 0.0114235 ms - Host latency: 0.0262978 ms (enqueue 0.0148598 ms)
[03/01/2026-01:59:05] [I] Average on 10 runs - GPU latency: 0.0115036 ms - Host latency: 0.0264122 ms (enqueue 0.0153542 ms)
[03/01/2026-01:59:05] [I] Average on 10 runs - GPU latency: 0.0114662 ms - Host latency: 0.0263916 ms (enqueue 0.0150146 ms)
[03/01/2026-01:59:05] [I] Average on 10 runs - GPU latency: 0.0125809 ms - Host latency: 0.0279427 ms (enqueue 0.0169914 ms)
[03/01/2026-01:59:05] [I] Average on 10 runs - GPU latency: 0.0117188 ms - Host latency: 0.0266159 ms (enqueue 0.0149643 ms)
[03/01/2026-01:59:05] [I] Average on 10 runs - GPU latency: 0.012188 ms - Host latency: 0.0271614 ms (enqueue 0.016523 ms)
[03/01/2026-01:59:05] [I] Average on 10 runs - GPU latency: 0.0114571 ms - Host latency: 0.026535 ms (enqueue 0.0151299 ms)
[03/01/2026-01:59:05] [I] Average on 10 runs - GPU latency: 0.0113701 ms - Host latency: 0.0264893 ms (enqueue 0.0152557 ms)
[03/01/2026-01:59:05] [I] Average on 10 runs - GPU latency: 0.0114204 ms - Host latency: 0.0264671 ms (enqueue 0.0152107 ms)
[03/01/2026-01:59:05] [I] Average on 10 runs - GPU latency: 0.0116249 ms - Host latency: 0.0266106 ms (enqueue 0.0151772 ms)
[03/01/2026-01:59:05] [I] Average on 10 runs - GPU latency: 0.0113617 ms - Host latency: 0.0280601 ms (enqueue 0.0153618 ms)
[03/01/2026-01:59:05] [I] Average on 10 runs - GPU latency: 0.0115402 ms - Host latency: 0.0266808 ms (enqueue 0.0153008 ms)
[03/01/2026-01:59:05] [I] Average on 10 runs - GPU latency: 0.0122879 ms - Host latency: 0.0278152 ms (enqueue 0.0154678 ms)
[03/01/2026-01:59:05] [I] Average on 10 runs - GPU latency: 0.0116058 ms - Host latency: 0.026741 ms (enqueue 0.0151024 ms)
[03/01/2026-01:59:05] [I] Average on 10 runs - GPU latency: 0.0126183 ms - Host latency: 0.0276779 ms (enqueue 0.016571 ms)
[03/01/2026-01:59:05] [I] Average on 10 runs - GPU latency: 0.0116913 ms - Host latency: 0.0266129 ms (enqueue 0.0151802 ms)
[03/01/2026-01:59:05] [I] Average on 10 runs - GPU latency: 0.0117531 ms - Host latency: 0.0267593 ms (enqueue 0.0152794 ms)
[03/01/2026-01:59:05] [I] Average on 10 runs - GPU latency: 0.0117348 ms - Host latency: 0.026709 ms (enqueue 0.0150894 ms)
[03/01/2026-01:59:05] [I] Average on 10 runs - GPU latency: 0.011573 ms - Host latency: 0.0278542 ms (enqueue 0.0155037 ms)
[03/01/2026-01:59:05] [I] Average on 10 runs - GPU latency: 0.0115479 ms - Host latency: 0.0267479 ms (enqueue 0.0153717 ms)
[03/01/2026-01:59:05] [I] Average on 10 runs - GPU latency: 0.0114594 ms - Host latency: 0.0265129 ms (enqueue 0.0151131 ms)
[03/01/2026-01:59:05] [I] Average on 10 runs - GPU latency: 0.0125381 ms - Host latency: 0.0276207 ms (enqueue 0.0169746 ms)
[03/01/2026-01:59:05] [I] Average on 10 runs - GPU latency: 0.0113144 ms - Host latency: 0.0262993 ms (enqueue 0.0151802 ms)
[03/01/2026-01:59:05] [I] Average on 10 runs - GPU latency: 0.0128357 ms - Host latency: 0.0280556 ms (enqueue 0.0165604 ms)
[03/01/2026-01:59:05] [I] Average on 10 runs - GPU latency: 0.0115791 ms - Host latency: 0.0265793 ms (enqueue 0.0148468 ms)
[03/01/2026-01:59:05] [I] Average on 10 runs - GPU latency: 0.0113502 ms - Host latency: 0.026445 ms (enqueue 0.0150612 ms)
[03/01/2026-01:59:05] [I] Average on 10 runs - GPU latency: 0.0116035 ms - Host latency: 0.0266144 ms (enqueue 0.0146904 ms)
[03/01/2026-01:59:05] [I] Average on 10 runs - GPU latency: 0.0126244 ms - Host latency: 0.027784 ms (enqueue 0.0164299 ms)
[03/01/2026-01:59:05] [I] Average on 10 runs - GPU latency: 0.0113785 ms - Host latency: 0.0264923 ms (enqueue 0.0152237 ms)
[03/01/2026-01:59:05] [I] Average on 10 runs - GPU latency: 0.0117226 ms - Host latency: 0.0266289 ms (enqueue 0.0149529 ms)
[03/01/2026-01:59:05] [I] Average on 10 runs - GPU latency: 0.0114075 ms - Host latency: 0.027243 ms (enqueue 0.0160233 ms)
[03/01/2026-01:59:05] [I] Average on 10 runs - GPU latency: 0.0116821 ms - Host latency: 0.026506 ms (enqueue 0.0151474 ms)
[03/01/2026-01:59:05] [I] Average on 10 runs - GPU latency: 0.01147 ms - Host latency: 0.0265785 ms (enqueue 0.0151794 ms)
[03/01/2026-01:59:05] [I] Average on 10 runs - GPU latency: 0.0116982 ms - Host latency: 0.0267021 ms (enqueue 0.0147865 ms)
[03/01/2026-01:59:05] [I] Average on 10 runs - GPU latency: 0.0119614 ms - Host latency: 0.0270073 ms (enqueue 0.0160896 ms)
[03/01/2026-01:59:05] [I] Average on 10 runs - GPU latency: 0.0115677 ms - Host latency: 0.0265747 ms (enqueue 0.0148148 ms)
[03/01/2026-01:59:05] [I] Average on 10 runs - GPU latency: 0.0119644 ms - Host latency: 0.0270035 ms (enqueue 0.0149956 ms)
[03/01/2026-01:59:05] [I] Average on 10 runs - GPU latency: 0.011647 ms - Host latency: 0.0266693 ms (enqueue 0.0148705 ms)
[03/01/2026-01:59:05] [I] Average on 10 runs - GPU latency: 0.0115059 ms - Host latency: 0.0263397 ms (enqueue 0.0148682 ms)
[03/01/2026-01:59:05] [I] Average on 10 runs - GPU latency: 0.0124321 ms - Host latency: 0.028157 ms (enqueue 0.0173416 ms)
[03/01/2026-01:59:05] [I] Average on 10 runs - GPU latency: 0.0115761 ms - Host latency: 0.0268356 ms (enqueue 0.0151558 ms)
[03/01/2026-01:59:05] [I] Average on 10 runs - GPU latency: 0.0125862 ms - Host latency: 0.0279236 ms (enqueue 0.0166924 ms)
[03/01/2026-01:59:05] [I] Average on 10 runs - GPU latency: 0.0115257 ms - Host latency: 0.0264999 ms (enqueue 0.0148277 ms)
[03/01/2026-01:59:05] [I] Average on 10 runs - GPU latency: 0.0121857 ms - Host latency: 0.0273102 ms (enqueue 0.0161095 ms)
[03/01/2026-01:59:05] [I] Average on 10 runs - GPU latency: 0.0115852 ms - Host latency: 0.0265656 ms (enqueue 0.0148254 ms)
[03/01/2026-01:59:05] [I] Average on 10 runs - GPU latency: 0.0116508 ms - Host latency: 0.0267097 ms (enqueue 0.0148491 ms)
[03/01/2026-01:59:05] [I] Average on 10 runs - GPU latency: 0.0115952 ms - Host latency: 0.0269737 ms (enqueue 0.0147598 ms)
[03/01/2026-01:59:05] [I] Average on 10 runs - GPU latency: 0.012101 ms - Host latency: 0.0271851 ms (enqueue 0.0167458 ms)
[03/01/2026-01:59:05] [I] Average on 10 runs - GPU latency: 0.0113892 ms - Host latency: 0.0265274 ms (enqueue 0.015258 ms)
[03/01/2026-01:59:05] [I] Average on 10 runs - GPU latency: 0.0113144 ms - Host latency: 0.0262451 ms (enqueue 0.0149269 ms)
[03/01/2026-01:59:05] [I] Average on 10 runs - GPU latency: 0.0120934 ms - Host latency: 0.0270599 ms (enqueue 0.0163315 ms)
[03/01/2026-01:59:05] [I] Average on 10 runs - GPU latency: 0.0115089 ms - Host latency: 0.02658 ms (enqueue 0.0147209 ms)
[03/01/2026-01:59:05] [I] Average on 10 runs - GPU latency: 0.0116714 ms - Host latency: 0.0265541 ms (enqueue 0.0147041 ms)
[03/01/2026-01:59:05] [I] Average on 10 runs - GPU latency: 0.0114059 ms - Host latency: 0.0264313 ms (enqueue 0.0148422 ms)
[03/01/2026-01:59:05] [I] Average on 10 runs - GPU latency: 0.012648 ms - Host latency: 0.0275986 ms (enqueue 0.0160927 ms)
[03/01/2026-01:59:05] [I] Average on 10 runs - GPU latency: 0.0115074 ms - Host latency: 0.0264587 ms (enqueue 0.0148277 ms)
[03/01/2026-01:59:05] [I] Average on 10 runs - GPU latency: 0.0122559 ms - Host latency: 0.0272957 ms (enqueue 0.0148949 ms)
[03/01/2026-01:59:05] [I] Average on 10 runs - GPU latency: 0.0111237 ms - Host latency: 0.0262611 ms (enqueue 0.0151047 ms)
[03/01/2026-01:59:05] [I] Average on 10 runs - GPU latency: 0.0115898 ms - Host latency: 0.0264 ms (enqueue 0.014962 ms)
[03/01/2026-01:59:05] [I] Average on 10 runs - GPU latency: 0.0131226 ms - Host latency: 0.0282028 ms (enqueue 0.0170609 ms)
[03/01/2026-01:59:05] [I] Average on 10 runs - GPU latency: 0.0115768 ms - Host latency: 0.0265076 ms (enqueue 0.0148552 ms)
[03/01/2026-01:59:05] [I] Average on 10 runs - GPU latency: 0.0114632 ms - Host latency: 0.0263939 ms (enqueue 0.0149109 ms)
[03/01/2026-01:59:05] [I] Average on 10 runs - GPU latency: 0.0113678 ms - Host latency: 0.0263702 ms (enqueue 0.0148605 ms)
[03/01/2026-01:59:05] [I] Average on 10 runs - GPU latency: 0.0125031 ms - Host latency: 0.0276672 ms (enqueue 0.0164688 ms)
[03/01/2026-01:59:05] [I] Average on 10 runs - GPU latency: 0.0115372 ms - Host latency: 0.0266159 ms (enqueue 0.0150604 ms)
[03/01/2026-01:59:05] [I] Average on 10 runs - GPU latency: 0.0125412 ms - Host latency: 0.027594 ms (enqueue 0.0165298 ms)
[03/01/2026-01:59:05] [I] Average on 10 runs - GPU latency: 0.0114792 ms - Host latency: 0.0264709 ms (enqueue 0.014917 ms)
[03/01/2026-01:59:05] [I] Average on 10 runs - GPU latency: 0.0111328 ms - Host latency: 0.0261383 ms (enqueue 0.014624 ms)
[03/01/2026-01:59:05] [I] Average on 10 runs - GPU latency: 0.0117188 ms - Host latency: 0.0267258 ms (enqueue 0.0148865 ms)
[03/01/2026-01:59:05] [I] Average on 10 runs - GPU latency: 0.0116333 ms - Host latency: 0.0264633 ms (enqueue 0.0147858 ms)
[03/01/2026-01:59:05] [I] Average on 10 runs - GPU latency: 0.0123337 ms - Host latency: 0.0274002 ms (enqueue 0.0150391 ms)
[03/01/2026-01:59:05] [I] Average on 10 runs - GPU latency: 0.0113373 ms - Host latency: 0.0262741 ms (enqueue 0.0146194 ms)
[03/01/2026-01:59:05] [I] Average on 10 runs - GPU latency: 0.0117142 ms - Host latency: 0.0273087 ms (enqueue 0.0151093 ms)
[03/01/2026-01:59:05] [I] Average on 10 runs - GPU latency: 0.011705 ms - Host latency: 0.0266724 ms (enqueue 0.0150253 ms)
[03/01/2026-01:59:05] [I] Average on 10 runs - GPU latency: 0.0121643 ms - Host latency: 0.0279511 ms (enqueue 0.0151321 ms)
[03/01/2026-01:59:05] [I] Average on 10 runs - GPU latency: 0.0114944 ms - Host latency: 0.0266403 ms (enqueue 0.0147995 ms)
[03/01/2026-01:59:05] [I] ... Omitting 62452 lines
[03/01/2026-01:59:05] [I] Average on 10 runs - GPU latency: 0.00932617 ms - Host latency: 0.0239258 ms (enqueue 0.0146729 ms)
[03/01/2026-01:59:05] [I] Average on 10 runs - GPU latency: 0.00910645 ms - Host latency: 0.023584 ms (enqueue 0.0150146 ms)
[03/01/2026-01:59:05] [I] Average on 10 runs - GPU latency: 0.00935059 ms - Host latency: 0.0239746 ms (enqueue 0.015625 ms)
[03/01/2026-01:59:05] [I] Average on 10 runs - GPU latency: 0.00917969 ms - Host latency: 0.0239014 ms (enqueue 0.0148682 ms)
[03/01/2026-01:59:05] [I] Average on 10 runs - GPU latency: 0.00917969 ms - Host latency: 0.0240234 ms (enqueue 0.014917 ms)
[03/01/2026-01:59:05] [I] Average on 10 runs - GPU latency: 0.00898437 ms - Host latency: 0.0234863 ms (enqueue 0.0146729 ms)
[03/01/2026-01:59:05] [I] Average on 10 runs - GPU latency: 0.0100586 ms - Host latency: 0.0246826 ms (enqueue 0.0165039 ms)
[03/01/2026-01:59:05] [I] Average on 10 runs - GPU latency: 0.00935059 ms - Host latency: 0.0237549 ms (enqueue 0.0145996 ms)
[03/01/2026-01:59:05] [I] Average on 10 runs - GPU latency: 0.00898437 ms - Host latency: 0.0235596 ms (enqueue 0.0147461 ms)
[03/01/2026-01:59:05] [I] Average on 10 runs - GPU latency: 0.00925293 ms - Host latency: 0.0239746 ms (enqueue 0.0148437 ms)
[03/01/2026-01:59:05] [I] Average on 10 runs - GPU latency: 0.00913086 ms - Host latency: 0.0244141 ms (enqueue 0.0148682 ms)
[03/01/2026-01:59:05] [I] Average on 10 runs - GPU latency: 0.00910645 ms - Host latency: 0.0243896 ms (enqueue 0.0147217 ms)
[03/01/2026-01:59:05] [I] Average on 10 runs - GPU latency: 0.00913086 ms - Host latency: 0.0236816 ms (enqueue 0.0147217 ms)
[03/01/2026-01:59:05] [I] Average on 10 runs - GPU latency: 0.00891113 ms - Host latency: 0.0237305 ms (enqueue 0.0149414 ms)
[03/01/2026-01:59:05] [I] Average on 10 runs - GPU latency: 0.00922852 ms - Host latency: 0.0241211 ms (enqueue 0.0152832 ms)
[03/01/2026-01:59:05] [I] Average on 10 runs - GPU latency: 0.00996094 ms - Host latency: 0.0246338 ms (enqueue 0.0164062 ms)
[03/01/2026-01:59:05] [I] Average on 10 runs - GPU latency: 0.00888672 ms - Host latency: 0.0239258 ms (enqueue 0.014917 ms)
[03/01/2026-01:59:05] [I] Average on 10 runs - GPU latency: 0.0101074 ms - Host latency: 0.0247559 ms (enqueue 0.0161621 ms)
[03/01/2026-01:59:05] [I] Average on 10 runs - GPU latency: 0.00922852 ms - Host latency: 0.0238281 ms (enqueue 0.0146729 ms)
[03/01/2026-01:59:05] [I] Average on 10 runs - GPU latency: 0.00979004 ms - Host latency: 0.0245605 ms (enqueue 0.0161621 ms)
[03/01/2026-01:59:05] [I] Average on 10 runs - GPU latency: 0.00900879 ms - Host latency: 0.0237549 ms (enqueue 0.0151367 ms)
[03/01/2026-01:59:05] [I] Average on 10 runs - GPU latency: 0.009375 ms - Host latency: 0.0246338 ms (enqueue 0.0149902 ms)
[03/01/2026-01:59:05] [I] Average on 10 runs - GPU latency: 0.00917969 ms - Host latency: 0.0238037 ms (enqueue 0.0149658 ms)
[03/01/2026-01:59:05] [I] Average on 10 runs - GPU latency: 0.00898437 ms - Host latency: 0.0237061 ms (enqueue 0.014917 ms)
[03/01/2026-01:59:05] [I] Average on 10 runs - GPU latency: 0.0103027 ms - Host latency: 0.0249023 ms (enqueue 0.0161377 ms)
[03/01/2026-01:59:05] [I] Average on 10 runs - GPU latency: 0.00908203 ms - Host latency: 0.0235352 ms (enqueue 0.0146484 ms)
[03/01/2026-01:59:05] [I] Average on 10 runs - GPU latency: 0.00930176 ms - Host latency: 0.0240479 ms (enqueue 0.0148437 ms)
[03/01/2026-01:59:05] [I] Average on 10 runs - GPU latency: 0.00898437 ms - Host latency: 0.0234619 ms (enqueue 0.0148193 ms)
[03/01/2026-01:59:05] [I] Average on 10 runs - GPU latency: 0.00895996 ms - Host latency: 0.0241211 ms (enqueue 0.0147949 ms)
[03/01/2026-01:59:05] [I] Average on 10 runs - GPU latency: 0.00944824 ms - Host latency: 0.0240479 ms (enqueue 0.0149658 ms)
[03/01/2026-01:59:05] [I] Average on 10 runs - GPU latency: 0.00888672 ms - Host latency: 0.0247559 ms (enqueue 0.0150635 ms)
[03/01/2026-01:59:05] [I] Average on 10 runs - GPU latency: 0.00913086 ms - Host latency: 0.0236572 ms (enqueue 0.014624 ms)
[03/01/2026-01:59:05] [I] Average on 10 runs - GPU latency: 0.00913086 ms - Host latency: 0.0237305 ms (enqueue 0.0145264 ms)
[03/01/2026-01:59:05] [I] Average on 10 runs - GPU latency: 0.00932617 ms - Host latency: 0.0239014 ms (enqueue 0.0147949 ms)
[03/01/2026-01:59:05] [I] Average on 10 runs - GPU latency: 0.00930176 ms - Host latency: 0.0239502 ms (enqueue 0.0147705 ms)
[03/01/2026-01:59:05] [I] Average on 10 runs - GPU latency: 0.0100342 ms - Host latency: 0.0247314 ms (enqueue 0.016333 ms)
[03/01/2026-01:59:05] [I] Average on 10 runs - GPU latency: 0.00910645 ms - Host latency: 0.023999 ms (enqueue 0.014624 ms)
[03/01/2026-01:59:05] [I] Average on 10 runs - GPU latency: 0.00908203 ms - Host latency: 0.0237061 ms (enqueue 0.0149414 ms)
[03/01/2026-01:59:05] [I] Average on 10 runs - GPU latency: 0.0102539 ms - Host latency: 0.0255615 ms (enqueue 0.01521 ms)
[03/01/2026-01:59:05] [I] Average on 10 runs - GPU latency: 0.00922852 ms - Host latency: 0.0255371 ms (enqueue 0.0150635 ms)
[03/01/2026-01:59:05] [I] Average on 10 runs - GPU latency: 0.0092041 ms - Host latency: 0.0237061 ms (enqueue 0.0147949 ms)
[03/01/2026-01:59:05] [I] Average on 10 runs - GPU latency: 0.00998535 ms - Host latency: 0.0246582 ms (enqueue 0.0160889 ms)
[03/01/2026-01:59:05] [I] Average on 10 runs - GPU latency: 0.00930176 ms - Host latency: 0.0240723 ms (enqueue 0.0148193 ms)
[03/01/2026-01:59:05] [I] Average on 10 runs - GPU latency: 0.0090332 ms - Host latency: 0.0236816 ms (enqueue 0.0146729 ms)
[03/01/2026-01:59:05] [I] Average on 10 runs - GPU latency: 0.00917969 ms - Host latency: 0.023999 ms (enqueue 0.0149902 ms)
[03/01/2026-01:59:05] [I] Average on 10 runs - GPU latency: 0.00910645 ms - Host latency: 0.0238281 ms (enqueue 0.0146729 ms)
[03/01/2026-01:59:05] [I] Average on 10 runs - GPU latency: 0.0102783 ms - Host latency: 0.0249756 ms (enqueue 0.0148437 ms)
[03/01/2026-01:59:05] [I] Average on 10 runs - GPU latency: 0.00944824 ms - Host latency: 0.0243652 ms (enqueue 0.0149658 ms)
[03/01/2026-01:59:05] [I] Average on 10 runs - GPU latency: 0.00925293 ms - Host latency: 0.0239502 ms (enqueue 0.0149902 ms)
[03/01/2026-01:59:05] [I] Average on 10 runs - GPU latency: 0.00908203 ms - Host latency: 0.0237061 ms (enqueue 0.0149414 ms)
[03/01/2026-01:59:05] [I] Average on 10 runs - GPU latency: 0.0109863 ms - Host latency: 0.0260742 ms (enqueue 0.0165039 ms)
[03/01/2026-01:59:05] [I] Average on 10 runs - GPU latency: 0.0090332 ms - Host latency: 0.0237793 ms (enqueue 0.014917 ms)
[03/01/2026-01:59:05] [I] Average on 10 runs - GPU latency: 0.00908203 ms - Host latency: 0.0235596 ms (enqueue 0.0147461 ms)
[03/01/2026-01:59:05] [I] Average on 10 runs - GPU latency: 0.00917969 ms - Host latency: 0.0239014 ms (enqueue 0.0149414 ms)
[03/01/2026-01:59:05] [I] Average on 10 runs - GPU latency: 0.00913086 ms - Host latency: 0.0236816 ms (enqueue 0.014624 ms)
[03/01/2026-01:59:05] [I] Average on 10 runs - GPU latency: 0.010083 ms - Host latency: 0.0248779 ms (enqueue 0.0160156 ms)
[03/01/2026-01:59:05] [I] Average on 10 runs - GPU latency: 0.00910645 ms - Host latency: 0.0237549 ms (enqueue 0.0151611 ms)
[03/01/2026-01:59:05] [I] Average on 10 runs - GPU latency: 0.00908203 ms - Host latency: 0.023584 ms (enqueue 0.0145752 ms)
[03/01/2026-01:59:05] [I] Average on 10 runs - GPU latency: 0.00898437 ms - Host latency: 0.0234375 ms (enqueue 0.014502 ms)
[03/01/2026-01:59:05] [I] Average on 10 runs - GPU latency: 0.0090332 ms - Host latency: 0.0251709 ms (enqueue 0.0145752 ms)
[03/01/2026-01:59:05] [I] Average on 10 runs - GPU latency: 0.00864258 ms - Host latency: 0.0233887 ms (enqueue 0.0147217 ms)
[03/01/2026-01:59:05] [I] Average on 10 runs - GPU latency: 0.00910645 ms - Host latency: 0.0237793 ms (enqueue 0.014624 ms)
[03/01/2026-01:59:05] [I] Average on 10 runs - GPU latency: 0.0102539 ms - Host latency: 0.0250488 ms (enqueue 0.0149414 ms)
[03/01/2026-01:59:05] [I] Average on 10 runs - GPU latency: 0.00910645 ms - Host latency: 0.0236816 ms (enqueue 0.0149414 ms)
[03/01/2026-01:59:05] [I] Average on 10 runs - GPU latency: 0.009375 ms - Host latency: 0.024292 ms (enqueue 0.0149658 ms)
[03/01/2026-01:59:05] [I] Average on 10 runs - GPU latency: 0.00913086 ms - Host latency: 0.0236816 ms (enqueue 0.0148682 ms)
[03/01/2026-01:59:05] [I] Average on 10 runs - GPU latency: 0.0106445 ms - Host latency: 0.0255127 ms (enqueue 0.0168457 ms)
[03/01/2026-01:59:05] [I] Average on 10 runs - GPU latency: 0.00927734 ms - Host latency: 0.0239746 ms (enqueue 0.0148926 ms)
[03/01/2026-01:59:05] [I] Average on 10 runs - GPU latency: 0.00930176 ms - Host latency: 0.0238281 ms (enqueue 0.0145508 ms)
[03/01/2026-01:59:05] [I] Average on 10 runs - GPU latency: 0.00917969 ms - Host latency: 0.0236816 ms (enqueue 0.0149414 ms)
[03/01/2026-01:59:05] [I] Average on 10 runs - GPU latency: 0.00900879 ms - Host latency: 0.0239502 ms (enqueue 0.0149902 ms)
[03/01/2026-01:59:05] [I] Average on 10 runs - GPU latency: 0.0100586 ms - Host latency: 0.0248047 ms (enqueue 0.0164795 ms)
[03/01/2026-01:59:05] [I] Average on 10 runs - GPU latency: 0.00876465 ms - Host latency: 0.0233154 ms (enqueue 0.0149414 ms)
[03/01/2026-01:59:05] [I] Average on 10 runs - GPU latency: 0.00942383 ms - Host latency: 0.0241211 ms (enqueue 0.0150635 ms)
[03/01/2026-01:59:05] [I] Average on 10 runs - GPU latency: 0.0098877 ms - Host latency: 0.0253174 ms (enqueue 0.0150391 ms)
[03/01/2026-01:59:05] [I] Average on 10 runs - GPU latency: 0.00932617 ms - Host latency: 0.0240479 ms (enqueue 0.014917 ms)
[03/01/2026-01:59:05] [I] Average on 10 runs - GPU latency: 0.00908203 ms - Host latency: 0.0237305 ms (enqueue 0.0149658 ms)
[03/01/2026-01:59:05] [I] Average on 10 runs - GPU latency: 0.0103516 ms - Host latency: 0.0248047 ms (enqueue 0.0147705 ms)
[03/01/2026-01:59:05] [I] Average on 10 runs - GPU latency: 0.00942383 ms - Host latency: 0.0239746 ms (enqueue 0.0147461 ms)
[03/01/2026-01:59:05] [I] Average on 10 runs - GPU latency: 0.00913086 ms - Host latency: 0.0237549 ms (enqueue 0.0147949 ms)
[03/01/2026-01:59:05] [I] Average on 10 runs - GPU latency: 0.00891113 ms - Host latency: 0.0234375 ms (enqueue 0.0150391 ms)
[03/01/2026-01:59:05] [I] Average on 10 runs - GPU latency: 0.00927734 ms - Host latency: 0.0239746 ms (enqueue 0.014917 ms)
[03/01/2026-01:59:05] [I] Average on 10 runs - GPU latency: 0.0103271 ms - Host latency: 0.0253418 ms (enqueue 0.0164551 ms)
[03/01/2026-01:59:05] [I] Average on 10 runs - GPU latency: 0.00910645 ms - Host latency: 0.0240967 ms (enqueue 0.0149414 ms)
[03/01/2026-01:59:05] [I] Average on 10 runs - GPU latency: 0.00939941 ms - Host latency: 0.0242432 ms (enqueue 0.0147217 ms)
[03/01/2026-01:59:05] [I] Average on 10 runs - GPU latency: 0.00917969 ms - Host latency: 0.0239014 ms (enqueue 0.0150879 ms)
[03/01/2026-01:59:05] [I] Average on 10 runs - GPU latency: 0.0105469 ms - Host latency: 0.0250488 ms (enqueue 0.0165771 ms)
[03/01/2026-01:59:05] [I] Average on 10 runs - GPU latency: 0.00925293 ms - Host latency: 0.0237793 ms (enqueue 0.014917 ms)
[03/01/2026-01:59:05] [I] Average on 10 runs - GPU latency: 0.00915527 ms - Host latency: 0.0237061 ms (enqueue 0.0147705 ms)
[03/01/2026-01:59:05] [I] Average on 10 runs - GPU latency: 0.00917969 ms - Host latency: 0.023877 ms (enqueue 0.0148193 ms)
[03/01/2026-01:59:05] [I] Average on 10 runs - GPU latency: 0.00900879 ms - Host latency: 0.0236328 ms (enqueue 0.0148193 ms)
[03/01/2026-01:59:05] [I] Average on 10 runs - GPU latency: 0.010376 ms - Host latency: 0.0250977 ms (enqueue 0.0154785 ms)
[03/01/2026-01:59:05] [I] Average on 10 runs - GPU latency: 0.00895996 ms - Host latency: 0.0237061 ms (enqueue 0.0150635 ms)
[03/01/2026-01:59:05] [I] Average on 10 runs - GPU latency: 0.00910645 ms - Host latency: 0.0250977 ms (enqueue 0.0145264 ms)
[03/01/2026-01:59:05] [I] Average on 10 runs - GPU latency: 0.00908203 ms - Host latency: 0.0239014 ms (enqueue 0.0146729 ms)
[03/01/2026-01:59:05] [I] Average on 10 runs - GPU latency: 0.0092041 ms - Host latency: 0.0239014 ms (enqueue 0.0148437 ms)
[03/01/2026-01:59:05] [I] Average on 10 runs - GPU latency: 0.00939941 ms - Host latency: 0.0240479 ms (enqueue 0.0149658 ms)
[03/01/2026-01:59:05] [I] Average on 10 runs - GPU latency: 0.0090332 ms - Host latency: 0.0236816 ms (enqueue 0.0148437 ms)
[03/01/2026-01:59:05] [I] Average on 10 runs - GPU latency: 0.00974121 ms - Host latency: 0.0243408 ms (enqueue 0.0161133 ms)
[03/01/2026-01:59:05] [I] Average on 10 runs - GPU latency: 0.00944824 ms - Host latency: 0.0241211 ms (enqueue 0.0147705 ms)
[03/01/2026-01:59:05] [I] Average on 10 runs - GPU latency: 0.00961914 ms - Host latency: 0.0244385 ms (enqueue 0.0157227 ms)
[03/01/2026-01:59:05] [I] Average on 10 runs - GPU latency: 0.0090332 ms - Host latency: 0.0236816 ms (enqueue 0.0148193 ms)
[03/01/2026-01:59:05] [I] Average on 10 runs - GPU latency: 0.010083 ms - Host latency: 0.0247803 ms (enqueue 0.0162598 ms)
[03/01/2026-01:59:05] [I] Average on 10 runs - GPU latency: 0.00910645 ms - Host latency: 0.0238037 ms (enqueue 0.0149658 ms)
[03/01/2026-01:59:05] [I] Average on 10 runs - GPU latency: 0.00905762 ms - Host latency: 0.0241455 ms (enqueue 0.0148193 ms)
[03/01/2026-01:59:05] [I] Average on 10 runs - GPU latency: 0.00927734 ms - Host latency: 0.0238037 ms (enqueue 0.0146729 ms)
[03/01/2026-01:59:05] [I] Average on 10 runs - GPU latency: 0.00908203 ms - Host latency: 0.0236816 ms (enqueue 0.0145996 ms)
[03/01/2026-01:59:05] [I] Average on 10 runs - GPU latency: 0.0107422 ms - Host latency: 0.0256348 ms (enqueue 0.0165039 ms)
[03/01/2026-01:59:05] [I] Average on 10 runs - GPU latency: 0.0111084 ms - Host latency: 0.0266113 ms (enqueue 0.0173584 ms)
[03/01/2026-01:59:05] [I] Average on 10 runs - GPU latency: 0.00949707 ms - Host latency: 0.0241211 ms (enqueue 0.0148926 ms)
[03/01/2026-01:59:05] [I] Average on 10 runs - GPU latency: 0.0107666 ms - Host latency: 0.0253662 ms (enqueue 0.0168945 ms)
[03/01/2026-01:59:05] [I] Average on 10 runs - GPU latency: 0.00910645 ms - Host latency: 0.0237061 ms (enqueue 0.0146484 ms)
[03/01/2026-01:59:05] [I] Average on 10 runs - GPU latency: 0.00913086 ms - Host latency: 0.0247559 ms (enqueue 0.0148926 ms)
[03/01/2026-01:59:05] [I] Average on 10 runs - GPU latency: 0.00900879 ms - Host latency: 0.0239746 ms (enqueue 0.0148682 ms)
[03/01/2026-01:59:05] [I] Average on 10 runs - GPU latency: 0.0092041 ms - Host latency: 0.0252197 ms (enqueue 0.0147461 ms)
[03/01/2026-01:59:05] [I] Average on 10 runs - GPU latency: 0.00874023 ms - Host latency: 0.0236816 ms (enqueue 0.014624 ms)
[03/01/2026-01:59:05] [I] Average on 10 runs - GPU latency: 0.00878906 ms - Host latency: 0.0243164 ms (enqueue 0.0148437 ms)
[03/01/2026-01:59:05] [I] Average on 10 runs - GPU latency: 0.00898437 ms - Host latency: 0.023584 ms (enqueue 0.0147461 ms)
[03/01/2026-01:59:05] [I] Average on 10 runs - GPU latency: 0.00922852 ms - Host latency: 0.0239258 ms (enqueue 0.0147949 ms)
[03/01/2026-01:59:05] [I] Average on 10 runs - GPU latency: 0.00893555 ms - Host latency: 0.0252197 ms (enqueue 0.014624 ms)
[03/01/2026-01:59:05] [I] Average on 10 runs - GPU latency: 0.00957031 ms - Host latency: 0.0241943 ms (enqueue 0.0149414 ms)
[03/01/2026-01:59:05] [I] Average on 10 runs - GPU latency: 0.00969238 ms - Host latency: 0.0244629 ms (enqueue 0.0162598 ms)
[03/01/2026-01:59:05] [I] Average on 10 runs - GPU latency: 0.0090332 ms - Host latency: 0.0237305 ms (enqueue 0.0147217 ms)
[03/01/2026-01:59:05] [I] Average on 10 runs - GPU latency: 0.00915527 ms - Host latency: 0.0253906 ms (enqueue 0.0149658 ms)
[03/01/2026-01:59:05] [I] Average on 10 runs - GPU latency: 0.00915527 ms - Host latency: 0.0242676 ms (enqueue 0.0154541 ms)
[03/01/2026-01:59:05] [I] Average on 10 runs - GPU latency: 0.00993652 ms - Host latency: 0.0249512 ms (enqueue 0.0166016 ms)
[03/01/2026-01:59:05] [I] Average on 10 runs - GPU latency: 0.0088623 ms - Host latency: 0.0235596 ms (enqueue 0.0147705 ms)
[03/01/2026-01:59:05] [I] Average on 10 runs - GPU latency: 0.00905762 ms - Host latency: 0.0238037 ms (enqueue 0.0147949 ms)
[03/01/2026-01:59:05] [I] Average on 10 runs - GPU latency: 0.00905762 ms - Host latency: 0.023584 ms (enqueue 0.0147217 ms)
[03/01/2026-01:59:05] [I] Average on 10 runs - GPU latency: 0.0090332 ms - Host latency: 0.0236572 ms (enqueue 0.0150146 ms)
[03/01/2026-01:59:05] [I] Average on 10 runs - GPU latency: 0.0111572 ms - Host latency: 0.0260254 ms (enqueue 0.0170166 ms)
[03/01/2026-01:59:05] [I] Average on 10 runs - GPU latency: 0.0092041 ms - Host latency: 0.0237793 ms (enqueue 0.0149658 ms)
[03/01/2026-01:59:05] [I] Average on 10 runs - GPU latency: 0.009375 ms - Host latency: 0.0240479 ms (enqueue 0.0156738 ms)
[03/01/2026-01:59:05] [I] Average on 10 runs - GPU latency: 0.00952148 ms - Host latency: 0.0243164 ms (enqueue 0.0147461 ms)
[03/01/2026-01:59:05] [I] Average on 10 runs - GPU latency: 0.00915527 ms - Host latency: 0.0239258 ms (enqueue 0.0147705 ms)
[03/01/2026-01:59:05] [I] Average on 10 runs - GPU latency: 0.00917969 ms - Host latency: 0.023877 ms (enqueue 0.0147705 ms)
[03/01/2026-01:59:05] [I] Average on 10 runs - GPU latency: 0.0102783 ms - Host latency: 0.0250977 ms (enqueue 0.0167236 ms)
[03/01/2026-01:59:05] [I] Average on 10 runs - GPU latency: 0.00898437 ms - Host latency: 0.023584 ms (enqueue 0.0147949 ms)
[03/01/2026-01:59:05] [I] Average on 10 runs - GPU latency: 0.0092041 ms - Host latency: 0.0239258 ms (enqueue 0.0147461 ms)
[03/01/2026-01:59:05] [I] Average on 10 runs - GPU latency: 0.00927734 ms - Host latency: 0.0236816 ms (enqueue 0.0147949 ms)
[03/01/2026-01:59:05] [I] Average on 10 runs - GPU latency: 0.00893555 ms - Host latency: 0.0234619 ms (enqueue 0.0147217 ms)
[03/01/2026-01:59:05] [I] Average on 10 runs - GPU latency: 0.00944824 ms - Host latency: 0.024585 ms (enqueue 0.0156494 ms)
[03/01/2026-01:59:05] [I] Average on 10 runs - GPU latency: 0.00913086 ms - Host latency: 0.023877 ms (enqueue 0.0150391 ms)
[03/01/2026-01:59:05] [I] Average on 10 runs - GPU latency: 0.00925293 ms - Host latency: 0.0243164 ms (enqueue 0.0148193 ms)
[03/01/2026-01:59:05] [I] Average on 10 runs - GPU latency: 0.00930176 ms - Host latency: 0.0240723 ms (enqueue 0.0148193 ms)
[03/01/2026-01:59:05] [I] Average on 10 runs - GPU latency: 0.00993652 ms - Host latency: 0.0247559 ms (enqueue 0.0158447 ms)
[03/01/2026-01:59:05] [I] Average on 10 runs - GPU latency: 0.00908203 ms - Host latency: 0.0237793 ms (enqueue 0.0146729 ms)
[03/01/2026-01:59:05] [I] Average on 10 runs - GPU latency: 0.00900879 ms - Host latency: 0.0234863 ms (enqueue 0.0146729 ms)
[03/01/2026-01:59:05] [I] Average on 10 runs - GPU latency: 0.00908203 ms - Host latency: 0.0236572 ms (enqueue 0.0148193 ms)
[03/01/2026-01:59:05] [I] Average on 10 runs - GPU latency: 0.00935059 ms - Host latency: 0.0239258 ms (enqueue 0.0146729 ms)
[03/01/2026-01:59:05] [I] Average on 10 runs - GPU latency: 0.0104492 ms - Host latency: 0.0256348 ms (enqueue 0.015918 ms)
[03/01/2026-01:59:05] [I] Average on 10 runs - GPU latency: 0.00939941 ms - Host latency: 0.0240479 ms (enqueue 0.0147705 ms)
[03/01/2026-01:59:05] [I] Average on 10 runs - GPU latency: 0.00927734 ms - Host latency: 0.023877 ms (enqueue 0.0145996 ms)
[03/01/2026-01:59:05] [I] Average on 10 runs - GPU latency: 0.00910645 ms - Host latency: 0.0238281 ms (enqueue 0.0147217 ms)
[03/01/2026-01:59:05] [I] Average on 10 runs - GPU latency: 0.0101318 ms - Host latency: 0.0249756 ms (enqueue 0.0161377 ms)
[03/01/2026-01:59:05] [I] Average on 10 runs - GPU latency: 0.00895996 ms - Host latency: 0.0235107 ms (enqueue 0.0148682 ms)
[03/01/2026-01:59:05] [I] Average on 10 runs - GPU latency: 0.00891113 ms - Host latency: 0.0235596 ms (enqueue 0.0148682 ms)
[03/01/2026-01:59:05] [I] Average on 10 runs - GPU latency: 0.00922852 ms - Host latency: 0.0238525 ms (enqueue 0.0146484 ms)
[03/01/2026-01:59:05] [I] Average on 10 runs - GPU latency: 0.00895996 ms - Host latency: 0.0235107 ms (enqueue 0.0149414 ms)
[03/01/2026-01:59:05] [I] Average on 10 runs - GPU latency: 0.00947266 ms - Host latency: 0.025 ms (enqueue 0.0153564 ms)
[03/01/2026-01:59:05] [I] Average on 10 runs - GPU latency: 0.0088623 ms - Host latency: 0.0239258 ms (enqueue 0.0147461 ms)
[03/01/2026-01:59:05] [I] Average on 10 runs - GPU latency: 0.00893555 ms - Host latency: 0.0246826 ms (enqueue 0.0148193 ms)
[03/01/2026-01:59:05] [I] Average on 10 runs - GPU latency: 0.00935059 ms - Host latency: 0.0239502 ms (enqueue 0.0144287 ms)
[03/01/2026-01:59:05] [I] Average on 10 runs - GPU latency: 0.00898437 ms - Host latency: 0.0236572 ms (enqueue 0.0147217 ms)
[03/01/2026-01:59:05] [I] Average on 10 runs - GPU latency: 0.0092041 ms - Host latency: 0.0238037 ms (enqueue 0.0150146 ms)
[03/01/2026-01:59:05] [I] Average on 10 runs - GPU latency: 0.00939941 ms - Host latency: 0.0240234 ms (enqueue 0.014624 ms)
[03/01/2026-01:59:05] [I] Average on 10 runs - GPU latency: 0.0102051 ms - Host latency: 0.0249756 ms (enqueue 0.0160645 ms)
[03/01/2026-01:59:05] [I] Average on 10 runs - GPU latency: 0.00908203 ms - Host latency: 0.0237793 ms (enqueue 0.0145752 ms)
[03/01/2026-01:59:05] [I] Average on 10 runs - GPU latency: 0.0101562 ms - Host latency: 0.0249023 ms (enqueue 0.0147705 ms)
[03/01/2026-01:59:05] [I] Average on 10 runs - GPU latency: 0.00922852 ms - Host latency: 0.0249268 ms (enqueue 0.0155029 ms)
[03/01/2026-01:59:05] [I] Average on 10 runs - GPU latency: 0.00908203 ms - Host latency: 0.0240967 ms (enqueue 0.014917 ms)
[03/01/2026-01:59:05] [I] Average on 10 runs - GPU latency: 0.00900879 ms - Host latency: 0.0234131 ms (enqueue 0.0149658 ms)
[03/01/2026-01:59:05] [I] Average on 10 runs - GPU latency: 0.0101318 ms - Host latency: 0.0247803 ms (enqueue 0.0159668 ms)
[03/01/2026-01:59:05] [I] Average on 10 runs - GPU latency: 0.00935059 ms - Host latency: 0.0238525 ms (enqueue 0.0146729 ms)
[03/01/2026-01:59:05] [I] Average on 10 runs - GPU latency: 0.00891113 ms - Host latency: 0.023584 ms (enqueue 0.0143311 ms)
[03/01/2026-01:59:05] [I] Average on 10 runs - GPU latency: 0.00974121 ms - Host latency: 0.0243896 ms (enqueue 0.0158936 ms)
[03/01/2026-01:59:05] [I] Average on 10 runs - GPU latency: 0.00878906 ms - Host latency: 0.023291 ms (enqueue 0.0145996 ms)
[03/01/2026-01:59:05] [I] Average on 10 runs - GPU latency: 0.00974121 ms - Host latency: 0.0244385 ms (enqueue 0.0156738 ms)
[03/01/2026-01:59:05] [I] Average on 10 runs - GPU latency: 0.00947266 ms - Host latency: 0.0251221 ms (enqueue 0.0150146 ms)
[03/01/2026-01:59:05] [I] Average on 10 runs - GPU latency: 0.00993652 ms - Host latency: 0.0246826 ms (enqueue 0.0148682 ms)
[03/01/2026-01:59:05] [I] Average on 10 runs - GPU latency: 0.00935059 ms - Host latency: 0.0239502 ms (enqueue 0.0148437 ms)
[03/01/2026-01:59:05] [I] Average on 10 runs - GPU latency: 0.00895996 ms - Host latency: 0.024707 ms (enqueue 0.0148682 ms)
[03/01/2026-01:59:05] [I] Average on 10 runs - GPU latency: 0.00939941 ms - Host latency: 0.0240479 ms (enqueue 0.0146484 ms)
[03/01/2026-01:59:05] [I] Average on 10 runs - GPU latency: 0.0092041 ms - Host latency: 0.023877 ms (enqueue 0.0146484 ms)
[03/01/2026-01:59:05] [I] Average on 10 runs - GPU latency: 0.00998535 ms - Host latency: 0.0247803 ms (enqueue 0.0165283 ms)
[03/01/2026-01:59:05] [I] Average on 10 runs - GPU latency: 0.0090332 ms - Host latency: 0.023584 ms (enqueue 0.0144775 ms)
[03/01/2026-01:59:05] [I] Average on 10 runs - GPU latency: 0.00927734 ms - Host latency: 0.0245361 ms (enqueue 0.0146484 ms)
[03/01/2026-01:59:05] [I] Average on 10 runs - GPU latency: 0.00895996 ms - Host latency: 0.0235596 ms (enqueue 0.014917 ms)
[03/01/2026-01:59:05] [I] Average on 10 runs - GPU latency: 0.0102783 ms - Host latency: 0.025 ms (enqueue 0.0165771 ms)
[03/01/2026-01:59:05] [I] Average on 10 runs - GPU latency: 0.00898437 ms - Host latency: 0.0234375 ms (enqueue 0.0145508 ms)
[03/01/2026-01:59:05] [I] Average on 10 runs - GPU latency: 0.00895996 ms - Host latency: 0.0234619 ms (enqueue 0.0147217 ms)
[03/01/2026-01:59:05] [I] Average on 10 runs - GPU latency: 0.00925293 ms - Host latency: 0.0237793 ms (enqueue 0.0146973 ms)
[03/01/2026-01:59:05] [I] Average on 10 runs - GPU latency: 0.00908203 ms - Host latency: 0.0239014 ms (enqueue 0.0147461 ms)
[03/01/2026-01:59:05] [I] Average on 10 runs - GPU latency: 0.00898437 ms - Host latency: 0.0238037 ms (enqueue 0.0151367 ms)
[03/01/2026-01:59:05] [I] Average on 10 runs - GPU latency: 0.00913086 ms - Host latency: 0.0236816 ms (enqueue 0.0143555 ms)
[03/01/2026-01:59:05] [I] Average on 10 runs - GPU latency: 0.0105713 ms - Host latency: 0.0251953 ms (enqueue 0.0164551 ms)
[03/01/2026-01:59:05] [I] Average on 10 runs - GPU latency: 0.00930176 ms - Host latency: 0.0239746 ms (enqueue 0.014624 ms)
[03/01/2026-01:59:05] [I] Average on 10 runs - GPU latency: 0.00891113 ms - Host latency: 0.0235596 ms (enqueue 0.0148437 ms)
[03/01/2026-01:59:05] [I] Average on 10 runs - GPU latency: 0.00883789 ms - Host latency: 0.0235107 ms (enqueue 0.0146729 ms)
[03/01/2026-01:59:05] [I] Average on 10 runs - GPU latency: 0.0104736 ms - Host latency: 0.0250977 ms (enqueue 0.0160889 ms)
[03/01/2026-01:59:05] [I] 
[03/01/2026-01:59:05] [I] === Performance summary ===
[03/01/2026-01:59:05] [I] Throughput: 22151 qps
[03/01/2026-01:59:05] [I] Latency: min = 0.0217285 ms, max = 44.621 ms, mean = 0.0250459 ms, median = 0.0239258 ms, percentile(90%) = 0.026123 ms, percentile(95%) = 0.027092 ms, percentile(99%) = 0.0358887 ms
[03/01/2026-01:59:05] [I] Enqueue Time: min = 0.012085 ms, max = 44.587 ms, mean = 0.0156977 ms, median = 0.0147705 ms, percentile(90%) = 0.015625 ms, percentile(95%) = 0.0159302 ms, percentile(99%) = 0.0276184 ms
[03/01/2026-01:59:05] [I] H2D Latency: min = 0.0109863 ms, max = 0.0488281 ms, mean = 0.0117232 ms, median = 0.0115967 ms, percentile(90%) = 0.012085 ms, percentile(95%) = 0.012207 ms, percentile(99%) = 0.0129395 ms
[03/01/2026-01:59:05] [I] GPU Compute Time: min = 0.00805664 ms, max = 44.5808 ms, mean = 0.0102313 ms, median = 0.00927734 ms, percentile(90%) = 0.0108795 ms, percentile(95%) = 0.0119476 ms, percentile(99%) = 0.0187988 ms
[03/01/2026-01:59:05] [I] D2H Latency: min = 0.00244141 ms, max = 0.0292969 ms, mean = 0.0030916 ms, median = 0.00292969 ms, percentile(90%) = 0.0032959 ms, percentile(95%) = 0.00364685 ms, percentile(99%) = 0.00445557 ms
[03/01/2026-01:59:05] [I] Total Host Walltime: 2.99996 s
[03/01/2026-01:59:05] [I] Total GPU Compute Time: 0.679891 s
[03/01/2026-01:59:05] [I] Explanations of the performance metrics are printed in the verbose logs.
[03/01/2026-01:59:05] [I] 
&&&& PASSED TensorRT.trtexec [TensorRT v100300] # trtexec --loadEngine=reports/ci_trt_smoke/model_fp16.plan --iterations=1 --warmUp=0
