&&&& RUNNING TensorRT.trtexec [TensorRT v100300] # trtexec --loadEngine=reports/ci_zisn2/model_fp16.plan --iterations=1 --warmUp=0
[02/23/2026-00:36:36] [I] === Model Options ===
[02/23/2026-00:36:36] [I] Format: *
[02/23/2026-00:36:36] [I] Model: 
[02/23/2026-00:36:36] [I] Output:
[02/23/2026-00:36:36] [I] 
[02/23/2026-00:36:36] [I] === System Options ===
[02/23/2026-00:36:36] [I] Device: 0
[02/23/2026-00:36:36] [I] DLACore: 
[02/23/2026-00:36:36] [I] Plugins:
[02/23/2026-00:36:36] [I] setPluginsToSerialize:
[02/23/2026-00:36:36] [I] dynamicPlugins:
[02/23/2026-00:36:36] [I] ignoreParsedPluginLibs: 0
[02/23/2026-00:36:36] [I] 
[02/23/2026-00:36:36] [I] === Inference Options ===
[02/23/2026-00:36:36] [I] Batch: Explicit
[02/23/2026-00:36:36] [I] Input inference shapes: model
[02/23/2026-00:36:36] [I] Iterations: 1
[02/23/2026-00:36:36] [I] Duration: 3s (+ 0ms warm up)
[02/23/2026-00:36:36] [I] Sleep time: 0ms
[02/23/2026-00:36:36] [I] Idle time: 0ms
[02/23/2026-00:36:36] [I] Inference Streams: 1
[02/23/2026-00:36:36] [I] ExposeDMA: Disabled
[02/23/2026-00:36:36] [I] Data transfers: Enabled
[02/23/2026-00:36:36] [I] Spin-wait: Disabled
[02/23/2026-00:36:36] [I] Multithreading: Disabled
[02/23/2026-00:36:36] [I] CUDA Graph: Disabled
[02/23/2026-00:36:36] [I] Separate profiling: Disabled
[02/23/2026-00:36:36] [I] Time Deserialize: Disabled
[02/23/2026-00:36:36] [I] Time Refit: Disabled
[02/23/2026-00:36:36] [I] NVTX verbosity: 0
[02/23/2026-00:36:36] [I] Persistent Cache Ratio: 0
[02/23/2026-00:36:36] [I] Optimization Profile Index: 0
[02/23/2026-00:36:36] [I] Weight Streaming Budget: 100.000000%
[02/23/2026-00:36:36] [I] Inputs:
[02/23/2026-00:36:36] [I] Debug Tensor Save Destinations:
[02/23/2026-00:36:36] [I] === Reporting Options ===
[02/23/2026-00:36:36] [I] Verbose: Disabled
[02/23/2026-00:36:36] [I] Averages: 10 inferences
[02/23/2026-00:36:36] [I] Percentiles: 90,95,99
[02/23/2026-00:36:36] [I] Dump refittable layers:Disabled
[02/23/2026-00:36:36] [I] Dump output: Disabled
[02/23/2026-00:36:36] [I] Profile: Disabled
[02/23/2026-00:36:36] [I] Export timing to JSON file: 
[02/23/2026-00:36:36] [I] Export output to JSON file: 
[02/23/2026-00:36:36] [I] Export profile to JSON file: 
[02/23/2026-00:36:36] [I] 
[02/23/2026-00:36:36] [I] === Device Information ===
[02/23/2026-00:36:38] [I] Available Devices: 
[02/23/2026-00:36:38] [I]   Device 0: "Tesla T4" UUID: GPU-4d973e5a-f830-05be-a97f-bd94dad8588d
[02/23/2026-00:36:38] [I] Selected Device: Tesla T4
[02/23/2026-00:36:38] [I] Selected Device ID: 0
[02/23/2026-00:36:38] [I] Selected Device UUID: GPU-4d973e5a-f830-05be-a97f-bd94dad8588d
[02/23/2026-00:36:38] [I] Compute Capability: 7.5
[02/23/2026-00:36:38] [I] SMs: 40
[02/23/2026-00:36:38] [I] Device Global Memory: 14917 MiB
[02/23/2026-00:36:38] [I] Shared Memory per SM: 64 KiB
[02/23/2026-00:36:38] [I] Memory Bus Width: 256 bits (ECC enabled)
[02/23/2026-00:36:38] [I] Application Compute Clock Rate: 1.59 GHz
[02/23/2026-00:36:38] [I] Application Memory Clock Rate: 5.001 GHz
[02/23/2026-00:36:38] [I] 
[02/23/2026-00:36:38] [I] Note: The application clock rates do not reflect the actual clock rates that the GPU is currently running at.
[02/23/2026-00:36:38] [I] 
[02/23/2026-00:36:38] [I] TensorRT version: 10.3.0
[02/23/2026-00:36:38] [I] Loading standard plugins
[02/23/2026-00:36:38] [I] [TRT] Loaded engine size: 0 MiB
[02/23/2026-00:36:38] [I] Engine deserialized in 0.0234055 sec.
[02/23/2026-00:36:38] [I] [TRT] [MemUsageChange] TensorRT-managed allocation in IExecutionContext creation: CPU +0, GPU +0, now: CPU 0, GPU 0 (MiB)
[02/23/2026-00:36:38] [I] Setting persistentCacheLimit to 0 bytes.
[02/23/2026-00:36:38] [I] Created execution context with device memory size: 0.000976562 MiB
[02/23/2026-00:36:38] [I] Using random values for input images
[02/23/2026-00:36:38] [I] Input binding for images with dimensions 1x3x64x64 is created.
[02/23/2026-00:36:38] [I] Output binding for output0 with dimensions 1x2x6 is created.
[02/23/2026-00:36:38] [I] Starting inference
[02/23/2026-00:36:41] [I] Warmup completed 0 queries over 0 ms
[02/23/2026-00:36:41] [I] Timing trace has 79707 queries over 2.99997 s
[02/23/2026-00:36:41] [I] 
[02/23/2026-00:36:41] [I] === Trace details ===
[02/23/2026-00:36:41] [I] Trace averages of 10 runs:
[02/23/2026-00:36:41] [I] Average on 10 runs - GPU latency: 4.64534 ms - Host latency: 4.66355 ms (enqueue 4.6513 ms)
[02/23/2026-00:36:41] [I] Average on 10 runs - GPU latency: 0.0113926 ms - Host latency: 0.0267815 ms (enqueue 0.016309 ms)
[02/23/2026-00:36:41] [I] Average on 10 runs - GPU latency: 0.0123001 ms - Host latency: 0.0279568 ms (enqueue 0.0182243 ms)
[02/23/2026-00:36:41] [I] Average on 10 runs - GPU latency: 0.0113838 ms - Host latency: 0.0268951 ms (enqueue 0.0164413 ms)
[02/23/2026-00:36:41] [I] Average on 10 runs - GPU latency: 0.0133698 ms - Host latency: 0.0290112 ms (enqueue 0.0182072 ms)
[02/23/2026-00:36:41] [I] Average on 10 runs - GPU latency: 0.011319 ms - Host latency: 0.0264412 ms (enqueue 0.0151573 ms)
[02/23/2026-00:36:41] [I] Average on 10 runs - GPU latency: 0.0114941 ms - Host latency: 0.027536 ms (enqueue 0.0164021 ms)
[02/23/2026-00:36:41] [I] Average on 10 runs - GPU latency: 0.011581 ms - Host latency: 0.0269547 ms (enqueue 0.0167213 ms)
[02/23/2026-00:36:41] [I] Average on 10 runs - GPU latency: 0.0113121 ms - Host latency: 0.0269474 ms (enqueue 0.0158264 ms)
[02/23/2026-00:36:41] [I] Average on 10 runs - GPU latency: 0.0118153 ms - Host latency: 0.0272617 ms (enqueue 0.0164341 ms)
[02/23/2026-00:36:41] [I] Average on 10 runs - GPU latency: 0.0115063 ms - Host latency: 0.027103 ms (enqueue 0.0167824 ms)
[02/23/2026-00:36:41] [I] Average on 10 runs - GPU latency: 0.011417 ms - Host latency: 0.0268314 ms (enqueue 0.0160591 ms)
[02/23/2026-00:36:41] [I] Average on 10 runs - GPU latency: 0.0115292 ms - Host latency: 0.0282101 ms (enqueue 0.0164906 ms)
[02/23/2026-00:36:41] [I] Average on 10 runs - GPU latency: 0.0116985 ms - Host latency: 0.02701 ms (enqueue 0.0165321 ms)
[02/23/2026-00:36:41] [I] Average on 10 runs - GPU latency: 0.0119465 ms - Host latency: 0.0274826 ms (enqueue 0.0167706 ms)
[02/23/2026-00:36:41] [I] Average on 10 runs - GPU latency: 0.011517 ms - Host latency: 0.0270882 ms (enqueue 0.0168789 ms)
[02/23/2026-00:36:41] [I] Average on 10 runs - GPU latency: 0.0117218 ms - Host latency: 0.027161 ms (enqueue 0.0163078 ms)
[02/23/2026-00:36:41] [I] Average on 10 runs - GPU latency: 0.0108585 ms - Host latency: 0.0265255 ms (enqueue 0.0166004 ms)
[02/23/2026-00:36:41] [I] Average on 10 runs - GPU latency: 0.0124126 ms - Host latency: 0.0281578 ms (enqueue 0.0175507 ms)
[02/23/2026-00:36:41] [I] Average on 10 runs - GPU latency: 0.0114559 ms - Host latency: 0.0271328 ms (enqueue 0.0167114 ms)
[02/23/2026-00:36:41] [I] Average on 10 runs - GPU latency: 0.0116478 ms - Host latency: 0.0274239 ms (enqueue 0.0169525 ms)
[02/23/2026-00:36:41] [I] Average on 10 runs - GPU latency: 0.0111816 ms - Host latency: 0.0268879 ms (enqueue 0.0163692 ms)
[02/23/2026-00:36:41] [I] Average on 10 runs - GPU latency: 0.0113827 ms - Host latency: 0.0273605 ms (enqueue 0.0162006 ms)
[02/23/2026-00:36:41] [I] Average on 10 runs - GPU latency: 0.0117416 ms - Host latency: 0.0273582 ms (enqueue 0.0167332 ms)
[02/23/2026-00:36:41] [I] Average on 10 runs - GPU latency: 0.0123966 ms - Host latency: 0.028009 ms (enqueue 0.0171612 ms)
[02/23/2026-00:36:41] [I] Average on 10 runs - GPU latency: 0.0118778 ms - Host latency: 0.0276001 ms (enqueue 0.0167309 ms)
[02/23/2026-00:36:41] [I] Average on 10 runs - GPU latency: 0.0116909 ms - Host latency: 0.0272903 ms (enqueue 0.01605 ms)
[02/23/2026-00:36:41] [I] Average on 10 runs - GPU latency: 0.0124607 ms - Host latency: 0.0285343 ms (enqueue 0.0165573 ms)
[02/23/2026-00:36:41] [I] Average on 10 runs - GPU latency: 0.0118217 ms - Host latency: 0.0271973 ms (enqueue 0.0169125 ms)
[02/23/2026-00:36:41] [I] Average on 10 runs - GPU latency: 0.0111973 ms - Host latency: 0.0269463 ms (enqueue 0.0164417 ms)
[02/23/2026-00:36:41] [I] Average on 10 runs - GPU latency: 0.0113117 ms - Host latency: 0.0267994 ms (enqueue 0.0163673 ms)
[02/23/2026-00:36:41] [I] Average on 10 runs - GPU latency: 0.011417 ms - Host latency: 0.0268528 ms (enqueue 0.0158386 ms)
[02/23/2026-00:36:41] [I] Average on 10 runs - GPU latency: 0.0112389 ms - Host latency: 0.0266918 ms (enqueue 0.0162079 ms)
[02/23/2026-00:36:41] [I] Average on 10 runs - GPU latency: 0.0124729 ms - Host latency: 0.0281116 ms (enqueue 0.0158188 ms)
[02/23/2026-00:36:41] [I] Average on 10 runs - GPU latency: 0.0113663 ms - Host latency: 0.0271568 ms (enqueue 0.0156151 ms)
[02/23/2026-00:36:41] [I] Average on 10 runs - GPU latency: 0.0112545 ms - Host latency: 0.0266911 ms (enqueue 0.0161598 ms)
[02/23/2026-00:36:41] [I] Average on 10 runs - GPU latency: 0.011491 ms - Host latency: 0.0270016 ms (enqueue 0.0159191 ms)
[02/23/2026-00:36:41] [I] Average on 10 runs - GPU latency: 0.011499 ms - Host latency: 0.0271797 ms (enqueue 0.016494 ms)
[02/23/2026-00:36:41] [I] Average on 10 runs - GPU latency: 0.0112045 ms - Host latency: 0.0266602 ms (enqueue 0.0168488 ms)
[02/23/2026-00:36:41] [I] Average on 10 runs - GPU latency: 0.0119873 ms - Host latency: 0.0275673 ms (enqueue 0.0179443 ms)
[02/23/2026-00:36:41] [I] Average on 10 runs - GPU latency: 0.0115295 ms - Host latency: 0.0269615 ms (enqueue 0.0171082 ms)
[02/23/2026-00:36:41] [I] Average on 10 runs - GPU latency: 0.011644 ms - Host latency: 0.0284874 ms (enqueue 0.0164352 ms)
[02/23/2026-00:36:41] [I] Average on 10 runs - GPU latency: 0.0115517 ms - Host latency: 0.0271072 ms (enqueue 0.0163269 ms)
[02/23/2026-00:36:41] [I] Average on 10 runs - GPU latency: 0.0111244 ms - Host latency: 0.0264938 ms (enqueue 0.0169029 ms)
[02/23/2026-00:36:41] [I] Average on 10 runs - GPU latency: 0.0112984 ms - Host latency: 0.0268318 ms (enqueue 0.0164764 ms)
[02/23/2026-00:36:41] [I] Average on 10 runs - GPU latency: 0.0117004 ms - Host latency: 0.0271362 ms (enqueue 0.0159828 ms)
[02/23/2026-00:36:41] [I] Average on 10 runs - GPU latency: 0.0118073 ms - Host latency: 0.0273346 ms (enqueue 0.016452 ms)
[02/23/2026-00:36:41] [I] Average on 10 runs - GPU latency: 0.0114105 ms - Host latency: 0.0283257 ms (enqueue 0.0165298 ms)
[02/23/2026-00:36:41] [I] Average on 10 runs - GPU latency: 0.0118202 ms - Host latency: 0.0272972 ms (enqueue 0.0158615 ms)
[02/23/2026-00:36:41] [I] Average on 10 runs - GPU latency: 0.0116066 ms - Host latency: 0.0275444 ms (enqueue 0.0163124 ms)
[02/23/2026-00:36:41] [I] Average on 10 runs - GPU latency: 0.0114296 ms - Host latency: 0.0270386 ms (enqueue 0.0161949 ms)
[02/23/2026-00:36:41] [I] Average on 10 runs - GPU latency: 0.0113693 ms - Host latency: 0.0268829 ms (enqueue 0.016346 ms)
[02/23/2026-00:36:41] [I] Average on 10 runs - GPU latency: 0.0119408 ms - Host latency: 0.0276512 ms (enqueue 0.0167061 ms)
[02/23/2026-00:36:41] [I] Average on 10 runs - GPU latency: 0.0115791 ms - Host latency: 0.026683 ms (enqueue 0.0156555 ms)
[02/23/2026-00:36:41] [I] Average on 10 runs - GPU latency: 0.0117996 ms - Host latency: 0.0276741 ms (enqueue 0.0163361 ms)
[02/23/2026-00:36:41] [I] Average on 10 runs - GPU latency: 0.0117577 ms - Host latency: 0.0271133 ms (enqueue 0.016095 ms)
[02/23/2026-00:36:41] [I] Average on 10 runs - GPU latency: 0.0128952 ms - Host latency: 0.0284676 ms (enqueue 0.0185234 ms)
[02/23/2026-00:36:41] [I] Average on 10 runs - GPU latency: 0.0116592 ms - Host latency: 0.0272446 ms (enqueue 0.0164444 ms)
[02/23/2026-00:36:41] [I] Average on 10 runs - GPU latency: 0.0124725 ms - Host latency: 0.0281555 ms (enqueue 0.0183083 ms)
[02/23/2026-00:36:41] [I] Average on 10 runs - GPU latency: 0.0119934 ms - Host latency: 0.0275429 ms (enqueue 0.0162796 ms)
[02/23/2026-00:36:41] [I] Average on 10 runs - GPU latency: 0.0114555 ms - Host latency: 0.0271866 ms (enqueue 0.0159851 ms)
[02/23/2026-00:36:41] [I] Average on 10 runs - GPU latency: 0.0117455 ms - Host latency: 0.0272949 ms (enqueue 0.016803 ms)
[02/23/2026-00:36:41] [I] Average on 10 runs - GPU latency: 0.0138618 ms - Host latency: 0.0297813 ms (enqueue 0.017955 ms)
[02/23/2026-00:36:41] [I] Average on 10 runs - GPU latency: 0.0112099 ms - Host latency: 0.0264961 ms (enqueue 0.0162544 ms)
[02/23/2026-00:36:41] [I] Average on 10 runs - GPU latency: 0.0113762 ms - Host latency: 0.0281441 ms (enqueue 0.0169495 ms)
[02/23/2026-00:36:41] [I] Average on 10 runs - GPU latency: 0.0112061 ms - Host latency: 0.0264328 ms (enqueue 0.0165901 ms)
[02/23/2026-00:36:41] [I] Average on 10 runs - GPU latency: 0.0125023 ms - Host latency: 0.0283783 ms (enqueue 0.0167297 ms)
[02/23/2026-00:36:41] [I] Average on 10 runs - GPU latency: 0.0117897 ms - Host latency: 0.0272156 ms (enqueue 0.0165802 ms)
[02/23/2026-00:36:41] [I] Average on 10 runs - GPU latency: 0.0112289 ms - Host latency: 0.027243 ms (enqueue 0.0167595 ms)
[02/23/2026-00:36:41] [I] Average on 10 runs - GPU latency: 0.0114334 ms - Host latency: 0.0267883 ms (enqueue 0.0165176 ms)
[02/23/2026-00:36:41] [I] Average on 10 runs - GPU latency: 0.0115227 ms - Host latency: 0.027224 ms (enqueue 0.0164856 ms)
[02/23/2026-00:36:41] [I] Average on 10 runs - GPU latency: 0.0117416 ms - Host latency: 0.0272545 ms (enqueue 0.0167557 ms)
[02/23/2026-00:36:41] [I] Average on 10 runs - GPU latency: 0.0116638 ms - Host latency: 0.0271248 ms (enqueue 0.0162819 ms)
[02/23/2026-00:36:41] [I] Average on 10 runs - GPU latency: 0.0113121 ms - Host latency: 0.0268829 ms (enqueue 0.0166306 ms)
[02/23/2026-00:36:41] [I] Average on 10 runs - GPU latency: 0.0115242 ms - Host latency: 0.0276482 ms (enqueue 0.0169502 ms)
[02/23/2026-00:36:41] [I] Average on 10 runs - GPU latency: 0.0114006 ms - Host latency: 0.0268257 ms (enqueue 0.0168663 ms)
[02/23/2026-00:36:41] [I] Average on 10 runs - GPU latency: 0.012336 ms - Host latency: 0.027903 ms (enqueue 0.0176094 ms)
[02/23/2026-00:36:41] [I] Average on 10 runs - GPU latency: 0.0111656 ms - Host latency: 0.0265526 ms (enqueue 0.0160995 ms)
[02/23/2026-00:36:41] [I] Average on 10 runs - GPU latency: 0.011602 ms - Host latency: 0.0271347 ms (enqueue 0.0160301 ms)
[02/23/2026-00:36:41] [I] Average on 10 runs - GPU latency: 0.0124588 ms - Host latency: 0.0280685 ms (enqueue 0.0183678 ms)
[02/23/2026-00:36:41] [I] Average on 10 runs - GPU latency: 0.0115639 ms - Host latency: 0.027018 ms (enqueue 0.0159592 ms)
[02/23/2026-00:36:41] [I] Average on 10 runs - GPU latency: 0.0121376 ms - Host latency: 0.0277367 ms (enqueue 0.0182266 ms)
[02/23/2026-00:36:41] [I] Average on 10 runs - GPU latency: 0.0115433 ms - Host latency: 0.0269684 ms (enqueue 0.0162064 ms)
[02/23/2026-00:36:41] [I] Average on 10 runs - GPU latency: 0.0123413 ms - Host latency: 0.0279671 ms (enqueue 0.0180046 ms)
[02/23/2026-00:36:41] [I] Average on 10 runs - GPU latency: 0.0113129 ms - Host latency: 0.0267601 ms (enqueue 0.0160881 ms)
[02/23/2026-00:36:41] [I] Average on 10 runs - GPU latency: 0.0117569 ms - Host latency: 0.027433 ms (enqueue 0.0160484 ms)
[02/23/2026-00:36:41] [I] Average on 10 runs - GPU latency: 0.0112312 ms - Host latency: 0.0267227 ms (enqueue 0.0162437 ms)
[02/23/2026-00:36:41] [I] Average on 10 runs - GPU latency: 0.0122429 ms - Host latency: 0.0296677 ms (enqueue 0.0170372 ms)
[02/23/2026-00:36:41] [I] Average on 10 runs - GPU latency: 0.0114044 ms - Host latency: 0.0268181 ms (enqueue 0.0158768 ms)
[02/23/2026-00:36:41] [I] Average on 10 runs - GPU latency: 0.0123161 ms - Host latency: 0.0279289 ms (enqueue 0.0184135 ms)
[02/23/2026-00:36:41] [I] Average on 10 runs - GPU latency: 0.0113571 ms - Host latency: 0.0266769 ms (enqueue 0.016304 ms)
[02/23/2026-00:36:41] [I] Average on 10 runs - GPU latency: 0.0126999 ms - Host latency: 0.0281906 ms (enqueue 0.0183777 ms)
[02/23/2026-00:36:41] [I] Average on 10 runs - GPU latency: 0.0112991 ms - Host latency: 0.0267029 ms (enqueue 0.0163956 ms)
[02/23/2026-00:36:41] [I] Average on 10 runs - GPU latency: 0.0127075 ms - Host latency: 0.0283783 ms (enqueue 0.0183449 ms)
[02/23/2026-00:36:41] [I] Average on 10 runs - GPU latency: 0.0111862 ms - Host latency: 0.0264992 ms (enqueue 0.0165955 ms)
[02/23/2026-00:36:41] [I] Average on 10 runs - GPU latency: 0.0127579 ms - Host latency: 0.0294266 ms (enqueue 0.0180435 ms)
[02/23/2026-00:36:41] [I] Average on 10 runs - GPU latency: 0.0114777 ms - Host latency: 0.0271507 ms (enqueue 0.0169685 ms)
[02/23/2026-00:36:41] [I] Average on 10 runs - GPU latency: 0.0114052 ms - Host latency: 0.0268333 ms (enqueue 0.0167824 ms)
[02/23/2026-00:36:41] [I] Average on 10 runs - GPU latency: 0.0114334 ms - Host latency: 0.0270882 ms (enqueue 0.0167236 ms)
[02/23/2026-00:36:41] [I] Average on 10 runs - GPU latency: 0.0124672 ms - Host latency: 0.0282379 ms (enqueue 0.0168694 ms)
[02/23/2026-00:36:41] [I] Average on 10 runs - GPU latency: 0.0115494 ms - Host latency: 0.027079 ms (enqueue 0.0165726 ms)
[02/23/2026-00:36:41] [I] Average on 10 runs - GPU latency: 0.0116478 ms - Host latency: 0.0274269 ms (enqueue 0.0161926 ms)
[02/23/2026-00:36:41] [I] Average on 10 runs - GPU latency: 0.0114532 ms - Host latency: 0.0281815 ms (enqueue 0.0159698 ms)
[02/23/2026-00:36:41] [I] Average on 10 runs - GPU latency: 0.0130173 ms - Host latency: 0.0287941 ms (enqueue 0.0164391 ms)
[02/23/2026-00:36:41] [I] Average on 10 runs - GPU latency: 0.0114731 ms - Host latency: 0.027211 ms (enqueue 0.0157104 ms)
[02/23/2026-00:36:41] [I] Average on 10 runs - GPU latency: 0.0113853 ms - Host latency: 0.026767 ms (enqueue 0.0164803 ms)
[02/23/2026-00:36:41] [I] Average on 10 runs - GPU latency: 0.0112579 ms - Host latency: 0.0267281 ms (enqueue 0.0162354 ms)
[02/23/2026-00:36:41] [I] Average on 10 runs - GPU latency: 0.0108864 ms - Host latency: 0.0262726 ms (enqueue 0.0159523 ms)
[02/23/2026-00:36:41] [I] Average on 10 runs - GPU latency: 0.0111938 ms - Host latency: 0.0265404 ms (enqueue 0.0155937 ms)
[02/23/2026-00:36:41] [I] Average on 10 runs - GPU latency: 0.0112518 ms - Host latency: 0.0266426 ms (enqueue 0.016803 ms)
[02/23/2026-00:36:41] [I] Average on 10 runs - GPU latency: 0.0114685 ms - Host latency: 0.0275948 ms (enqueue 0.0169662 ms)
[02/23/2026-00:36:41] [I] Average on 10 runs - GPU latency: 0.0114784 ms - Host latency: 0.0269997 ms (enqueue 0.016774 ms)
[02/23/2026-00:36:41] [I] Average on 10 runs - GPU latency: 0.0122124 ms - Host latency: 0.0279114 ms (enqueue 0.0177452 ms)
[02/23/2026-00:36:41] [I] Average on 10 runs - GPU latency: 0.0112587 ms - Host latency: 0.0265808 ms (enqueue 0.0160408 ms)
[02/23/2026-00:36:41] [I] Average on 10 runs - GPU latency: 0.0121231 ms - Host latency: 0.0278366 ms (enqueue 0.0180031 ms)
[02/23/2026-00:36:41] [I] Average on 10 runs - GPU latency: 0.0115173 ms - Host latency: 0.0270058 ms (enqueue 0.0168976 ms)
[02/23/2026-00:36:41] [I] Average on 10 runs - GPU latency: 0.012352 ms - Host latency: 0.0278488 ms (enqueue 0.0182076 ms)
[02/23/2026-00:36:41] [I] Average on 10 runs - GPU latency: 0.0116638 ms - Host latency: 0.0270149 ms (enqueue 0.0170181 ms)
[02/23/2026-00:36:41] [I] Average on 10 runs - GPU latency: 0.0126205 ms - Host latency: 0.0282234 ms (enqueue 0.0179016 ms)
[02/23/2026-00:36:41] [I] Average on 10 runs - GPU latency: 0.0110748 ms - Host latency: 0.0265976 ms (enqueue 0.016317 ms)
[02/23/2026-00:36:41] [I] Average on 10 runs - GPU latency: 0.012101 ms - Host latency: 0.0276581 ms (enqueue 0.0188713 ms)
[02/23/2026-00:36:41] [I] Average on 10 runs - GPU latency: 0.0113235 ms - Host latency: 0.0269287 ms (enqueue 0.016835 ms)
[02/23/2026-00:36:41] [I] Average on 10 runs - GPU latency: 0.0117485 ms - Host latency: 0.0286453 ms (enqueue 0.0168625 ms)
[02/23/2026-00:36:41] [I] Average on 10 runs - GPU latency: 0.0111671 ms - Host latency: 0.0267006 ms (enqueue 0.016877 ms)
[02/23/2026-00:36:41] [I] Average on 10 runs - GPU latency: 0.0124733 ms - Host latency: 0.0278732 ms (enqueue 0.0175781 ms)
[02/23/2026-00:36:41] [I] Average on 10 runs - GPU latency: 0.011483 ms - Host latency: 0.026899 ms (enqueue 0.0165382 ms)
[02/23/2026-00:36:41] [I] Average on 10 runs - GPU latency: 0.0120575 ms - Host latency: 0.0275406 ms (enqueue 0.0180351 ms)
[02/23/2026-00:36:41] [I] Average on 10 runs - GPU latency: 0.0112549 ms - Host latency: 0.0266449 ms (enqueue 0.0163101 ms)
[02/23/2026-00:36:41] [I] Average on 10 runs - GPU latency: 0.0111801 ms - Host latency: 0.027317 ms (enqueue 0.0163071 ms)
[02/23/2026-00:36:41] [I] Average on 10 runs - GPU latency: 0.0122322 ms - Host latency: 0.0278992 ms (enqueue 0.0174835 ms)
[02/23/2026-00:36:41] [I] Average on 10 runs - GPU latency: 0.0112946 ms - Host latency: 0.0267799 ms (enqueue 0.0163177 ms)
[02/23/2026-00:36:41] [I] Average on 10 runs - GPU latency: 0.0124847 ms - Host latency: 0.0280968 ms (enqueue 0.0166298 ms)
[02/23/2026-00:36:41] [I] Average on 10 runs - GPU latency: 0.0115662 ms - Host latency: 0.0271729 ms (enqueue 0.016568 ms)
[02/23/2026-00:36:41] [I] Average on 10 runs - GPU latency: 0.0123619 ms - Host latency: 0.0278671 ms (enqueue 0.0174271 ms)
[02/23/2026-00:36:41] [I] Average on 10 runs - GPU latency: 0.0114754 ms - Host latency: 0.0270996 ms (enqueue 0.015963 ms)
[02/23/2026-00:36:41] [I] Average on 10 runs - GPU latency: 0.0123383 ms - Host latency: 0.0279991 ms (enqueue 0.0180618 ms)
[02/23/2026-00:36:41] [I] Average on 10 runs - GPU latency: 0.0113289 ms - Host latency: 0.0273911 ms (enqueue 0.0160515 ms)
[02/23/2026-00:36:41] [I] Average on 10 runs - GPU latency: 0.0131943 ms - Host latency: 0.0287682 ms (enqueue 0.0184456 ms)
[02/23/2026-00:36:41] [I] Average on 10 runs - GPU latency: 0.0115631 ms - Host latency: 0.0269951 ms (enqueue 0.0157677 ms)
[02/23/2026-00:36:41] [I] Average on 10 runs - GPU latency: 0.0121994 ms - Host latency: 0.0277382 ms (enqueue 0.0173729 ms)
[02/23/2026-00:36:41] [I] Average on 10 runs - GPU latency: 0.0109802 ms - Host latency: 0.0264915 ms (enqueue 0.0165512 ms)
[02/23/2026-00:36:41] [I] Average on 10 runs - GPU latency: 0.0115135 ms - Host latency: 0.0280708 ms (enqueue 0.0160706 ms)
[02/23/2026-00:36:41] [I] Average on 10 runs - GPU latency: 0.0112854 ms - Host latency: 0.0268524 ms (enqueue 0.0157845 ms)
[02/23/2026-00:36:41] [I] Average on 10 runs - GPU latency: 0.011515 ms - Host latency: 0.0273201 ms (enqueue 0.0162094 ms)
[02/23/2026-00:36:41] [I] Average on 10 runs - GPU latency: 0.0116364 ms - Host latency: 0.0274414 ms (enqueue 0.0156761 ms)
[02/23/2026-00:36:41] [I] Average on 10 runs - GPU latency: 0.0115486 ms - Host latency: 0.0271812 ms (enqueue 0.0165367 ms)
[02/23/2026-00:36:41] [I] Average on 10 runs - GPU latency: 0.0114243 ms - Host latency: 0.0269646 ms (enqueue 0.0158539 ms)
[02/23/2026-00:36:41] [I] Average on 10 runs - GPU latency: 0.0114967 ms - Host latency: 0.0274094 ms (enqueue 0.0157257 ms)
[02/23/2026-00:36:41] [I] Average on 10 runs - GPU latency: 0.0118195 ms - Host latency: 0.0271828 ms (enqueue 0.0153831 ms)
[02/23/2026-00:36:41] [I] Average on 10 runs - GPU latency: 0.01129 ms - Host latency: 0.0267906 ms (enqueue 0.0157669 ms)
[02/23/2026-00:36:41] [I] Average on 10 runs - GPU latency: 0.0115898 ms - Host latency: 0.026992 ms (enqueue 0.0154251 ms)
[02/23/2026-00:36:41] [I] Average on 10 runs - GPU latency: 0.0115005 ms - Host latency: 0.027095 ms (enqueue 0.0163879 ms)
[02/23/2026-00:36:41] [I] Average on 10 runs - GPU latency: 0.0114693 ms - Host latency: 0.0271301 ms (enqueue 0.0166245 ms)
[02/23/2026-00:36:41] [I] Average on 10 runs - GPU latency: 0.0114624 ms - Host latency: 0.0269646 ms (enqueue 0.0166519 ms)
[02/23/2026-00:36:41] [I] Average on 10 runs - GPU latency: 0.0113907 ms - Host latency: 0.0271614 ms (enqueue 0.0164154 ms)
[02/23/2026-00:36:41] [I] Average on 10 runs - GPU latency: 0.0112267 ms - Host latency: 0.0264641 ms (enqueue 0.0162796 ms)
[02/23/2026-00:36:41] [I] Average on 10 runs - GPU latency: 0.0111267 ms - Host latency: 0.028006 ms (enqueue 0.0167137 ms)
[02/23/2026-00:36:41] [I] Average on 10 runs - GPU latency: 0.0115013 ms - Host latency: 0.0268852 ms (enqueue 0.0155914 ms)
[02/23/2026-00:36:41] [I] Average on 10 runs - GPU latency: 0.0122543 ms - Host latency: 0.0279877 ms (enqueue 0.0182617 ms)
[02/23/2026-00:36:41] [I] Average on 10 runs - GPU latency: 0.0115417 ms - Host latency: 0.0268951 ms (enqueue 0.0161461 ms)
[02/23/2026-00:36:41] [I] Average on 10 runs - GPU latency: 0.012323 ms - Host latency: 0.0279068 ms (enqueue 0.0165779 ms)
[02/23/2026-00:36:41] [I] Average on 10 runs - GPU latency: 0.0114212 ms - Host latency: 0.0266365 ms (enqueue 0.016642 ms)
[02/23/2026-00:36:41] [I] Average on 10 runs - GPU latency: 0.0114548 ms - Host latency: 0.0280739 ms (enqueue 0.0164879 ms)
[02/23/2026-00:36:41] [I] Average on 10 runs - GPU latency: 0.0116615 ms - Host latency: 0.0271957 ms (enqueue 0.0162582 ms)
[02/23/2026-00:36:41] [I] Average on 10 runs - GPU latency: 0.0114334 ms - Host latency: 0.0269424 ms (enqueue 0.0159561 ms)
[02/23/2026-00:36:41] [I] Average on 10 runs - GPU latency: 0.0112991 ms - Host latency: 0.0266823 ms (enqueue 0.0163689 ms)
[02/23/2026-00:36:41] [I] Average on 10 runs - GPU latency: 0.0115463 ms - Host latency: 0.0268425 ms (enqueue 0.0164352 ms)
[02/23/2026-00:36:41] [I] Average on 10 runs - GPU latency: 0.0111275 ms - Host latency: 0.0265244 ms (enqueue 0.0169861 ms)
[02/23/2026-00:36:41] [I] Average on 10 runs - GPU latency: 0.0120338 ms - Host latency: 0.0275192 ms (enqueue 0.0176613 ms)
[02/23/2026-00:36:41] [I] Average on 10 runs - GPU latency: 0.0113014 ms - Host latency: 0.0267082 ms (enqueue 0.0162056 ms)
[02/23/2026-00:36:41] [I] Average on 10 runs - GPU latency: 0.0127762 ms - Host latency: 0.0292755 ms (enqueue 0.0186249 ms)
[02/23/2026-00:36:41] [I] Average on 10 runs - GPU latency: 0.0109344 ms - Host latency: 0.0271042 ms (enqueue 0.0162781 ms)
[02/23/2026-00:36:41] [I] Average on 10 runs - GPU latency: 0.011232 ms - Host latency: 0.0265762 ms (enqueue 0.0156601 ms)
[02/23/2026-00:36:41] [I] Average on 10 runs - GPU latency: 0.0124634 ms - Host latency: 0.0277832 ms (enqueue 0.0175446 ms)
[02/23/2026-00:36:41] [I] Average on 10 runs - GPU latency: 0.011586 ms - Host latency: 0.0270935 ms (enqueue 0.0156555 ms)
[02/23/2026-00:36:41] [I] Average on 10 runs - GPU latency: 0.012149 ms - Host latency: 0.0278931 ms (enqueue 0.0164841 ms)
[02/23/2026-00:36:41] [I] Average on 10 runs - GPU latency: 0.0113419 ms - Host latency: 0.0268112 ms (enqueue 0.0156021 ms)
[02/23/2026-00:36:41] [I] Average on 10 runs - GPU latency: 0.0130508 ms - Host latency: 0.0283798 ms (enqueue 0.0176453 ms)
[02/23/2026-00:36:41] [I] Average on 10 runs - GPU latency: 0.0113831 ms - Host latency: 0.0267487 ms (enqueue 0.0166763 ms)
[02/23/2026-00:36:41] [I] Average on 10 runs - GPU latency: 0.0115372 ms - Host latency: 0.0276321 ms (enqueue 0.0168915 ms)
[02/23/2026-00:36:41] [I] Average on 10 runs - GPU latency: 0.0115784 ms - Host latency: 0.026947 ms (enqueue 0.0160019 ms)
[02/23/2026-00:36:41] [I] Average on 10 runs - GPU latency: 0.0127762 ms - Host latency: 0.028035 ms (enqueue 0.0178543 ms)
[02/23/2026-00:36:41] [I] Average on 10 runs - GPU latency: 0.0113342 ms - Host latency: 0.0265884 ms (enqueue 0.0153534 ms)
[02/23/2026-00:36:41] [I] Average on 10 runs - GPU latency: 0.0118423 ms - Host latency: 0.0272903 ms (enqueue 0.0161102 ms)
[02/23/2026-00:36:41] [I] Average on 10 runs - GPU latency: 0.0110733 ms - Host latency: 0.0264587 ms (enqueue 0.0157486 ms)
[02/23/2026-00:36:41] [I] Average on 10 runs - GPU latency: 0.0122192 ms - Host latency: 0.0283249 ms (enqueue 0.0167938 ms)
[02/23/2026-00:36:41] [I] Average on 10 runs - GPU latency: 0.0115494 ms - Host latency: 0.0274139 ms (enqueue 0.0161407 ms)
[02/23/2026-00:36:41] [I] Average on 10 runs - GPU latency: 0.0119064 ms - Host latency: 0.0272842 ms (enqueue 0.0160202 ms)
[02/23/2026-00:36:41] [I] Average on 10 runs - GPU latency: 0.0113586 ms - Host latency: 0.0268875 ms (enqueue 0.0163345 ms)
[02/23/2026-00:36:41] [I] Average on 10 runs - GPU latency: 0.0128265 ms - Host latency: 0.0284332 ms (enqueue 0.0182053 ms)
[02/23/2026-00:36:41] [I] Average on 10 runs - GPU latency: 0.0115585 ms - Host latency: 0.0269058 ms (enqueue 0.0160233 ms)
[02/23/2026-00:36:41] [I] Average on 10 runs - GPU latency: 0.0125092 ms - Host latency: 0.028363 ms (enqueue 0.0183914 ms)
[02/23/2026-00:36:41] [I] Average on 10 runs - GPU latency: 0.011441 ms - Host latency: 0.0269562 ms (enqueue 0.0159027 ms)
[02/23/2026-00:36:41] [I] Average on 10 runs - GPU latency: 0.0122696 ms - Host latency: 0.0278992 ms (enqueue 0.017363 ms)
[02/23/2026-00:36:41] [I] Average on 10 runs - GPU latency: 0.0116623 ms - Host latency: 0.0270386 ms (enqueue 0.0166458 ms)
[02/23/2026-00:36:41] [I] Average on 10 runs - GPU latency: 0.0121735 ms - Host latency: 0.0276016 ms (enqueue 0.0177048 ms)
[02/23/2026-00:36:41] [I] Average on 10 runs - GPU latency: 0.0114395 ms - Host latency: 0.0270966 ms (enqueue 0.01716 ms)
[02/23/2026-00:36:41] [I] Average on 10 runs - GPU latency: 0.0115448 ms - Host latency: 0.027121 ms (enqueue 0.0159836 ms)
[02/23/2026-00:36:41] [I] Average on 10 runs - GPU latency: 0.0125763 ms - Host latency: 0.0280334 ms (enqueue 0.0158722 ms)
[02/23/2026-00:36:41] [I] Average on 10 runs - GPU latency: 0.0118591 ms - Host latency: 0.0272552 ms (enqueue 0.0157715 ms)
[02/23/2026-00:36:41] [I] ... Omitting 75707 lines
[02/23/2026-00:36:41] [I] Average on 10 runs - GPU latency: 0.00900879 ms - Host latency: 0.0239746 ms (enqueue 0.0150146 ms)
[02/23/2026-00:36:41] [I] Average on 10 runs - GPU latency: 0.00922852 ms - Host latency: 0.0240234 ms (enqueue 0.0147949 ms)
[02/23/2026-00:36:41] [I] Average on 10 runs - GPU latency: 0.00993652 ms - Host latency: 0.0253418 ms (enqueue 0.0161865 ms)
[02/23/2026-00:36:41] [I] Average on 10 runs - GPU latency: 0.00888672 ms - Host latency: 0.0240234 ms (enqueue 0.0147217 ms)
[02/23/2026-00:36:41] [I] Average on 10 runs - GPU latency: 0.00881348 ms - Host latency: 0.0240479 ms (enqueue 0.0147461 ms)
[02/23/2026-00:36:41] [I] Average on 10 runs - GPU latency: 0.00888672 ms - Host latency: 0.0241455 ms (enqueue 0.0146484 ms)
[02/23/2026-00:36:41] [I] Average on 10 runs - GPU latency: 0.0101074 ms - Host latency: 0.0251465 ms (enqueue 0.0164307 ms)
[02/23/2026-00:36:41] [I] Average on 10 runs - GPU latency: 0.00905762 ms - Host latency: 0.0240723 ms (enqueue 0.0148682 ms)
[02/23/2026-00:36:41] [I] Average on 10 runs - GPU latency: 0.009375 ms - Host latency: 0.0249756 ms (enqueue 0.0151123 ms)
[02/23/2026-00:36:41] [I] Average on 10 runs - GPU latency: 0.00888672 ms - Host latency: 0.0237061 ms (enqueue 0.0150391 ms)
[02/23/2026-00:36:41] [I] Average on 10 runs - GPU latency: 0.00895996 ms - Host latency: 0.0242432 ms (enqueue 0.0150146 ms)
[02/23/2026-00:36:41] [I] Average on 10 runs - GPU latency: 0.00917969 ms - Host latency: 0.0248535 ms (enqueue 0.0147217 ms)
[02/23/2026-00:36:41] [I] Average on 10 runs - GPU latency: 0.0100342 ms - Host latency: 0.0257812 ms (enqueue 0.0150391 ms)
[02/23/2026-00:36:41] [I] Average on 10 runs - GPU latency: 0.0092041 ms - Host latency: 0.0245605 ms (enqueue 0.0147217 ms)
[02/23/2026-00:36:41] [I] Average on 10 runs - GPU latency: 0.00891113 ms - Host latency: 0.0239502 ms (enqueue 0.0145996 ms)
[02/23/2026-00:36:41] [I] Average on 10 runs - GPU latency: 0.00900879 ms - Host latency: 0.0240723 ms (enqueue 0.0147217 ms)
[02/23/2026-00:36:41] [I] Average on 10 runs - GPU latency: 0.00888672 ms - Host latency: 0.0243164 ms (enqueue 0.014624 ms)
[02/23/2026-00:36:41] [I] Average on 10 runs - GPU latency: 0.00888672 ms - Host latency: 0.0240723 ms (enqueue 0.0147705 ms)
[02/23/2026-00:36:41] [I] Average on 10 runs - GPU latency: 0.00910645 ms - Host latency: 0.0241943 ms (enqueue 0.0149414 ms)
[02/23/2026-00:36:41] [I] Average on 10 runs - GPU latency: 0.0109375 ms - Host latency: 0.0264893 ms (enqueue 0.0170654 ms)
[02/23/2026-00:36:41] [I] Average on 10 runs - GPU latency: 0.00922852 ms - Host latency: 0.0243408 ms (enqueue 0.0146729 ms)
[02/23/2026-00:36:41] [I] Average on 10 runs - GPU latency: 0.00883789 ms - Host latency: 0.0243408 ms (enqueue 0.0153564 ms)
[02/23/2026-00:36:41] [I] Average on 10 runs - GPU latency: 0.00898437 ms - Host latency: 0.0240234 ms (enqueue 0.0151123 ms)
[02/23/2026-00:36:41] [I] Average on 10 runs - GPU latency: 0.0101562 ms - Host latency: 0.025415 ms (enqueue 0.0169189 ms)
[02/23/2026-00:36:41] [I] Average on 10 runs - GPU latency: 0.00856934 ms - Host latency: 0.0239746 ms (enqueue 0.0145752 ms)
[02/23/2026-00:36:41] [I] Average on 10 runs - GPU latency: 0.00913086 ms - Host latency: 0.0254395 ms (enqueue 0.014502 ms)
[02/23/2026-00:36:41] [I] Average on 10 runs - GPU latency: 0.00910645 ms - Host latency: 0.0246582 ms (enqueue 0.0148926 ms)
[02/23/2026-00:36:41] [I] Average on 10 runs - GPU latency: 0.0105225 ms - Host latency: 0.0260498 ms (enqueue 0.0163086 ms)
[02/23/2026-00:36:41] [I] Average on 10 runs - GPU latency: 0.00993652 ms - Host latency: 0.0252197 ms (enqueue 0.0166748 ms)
[02/23/2026-00:36:41] [I] Average on 10 runs - GPU latency: 0.00893555 ms - Host latency: 0.024292 ms (enqueue 0.0147705 ms)
[02/23/2026-00:36:41] [I] Average on 10 runs - GPU latency: 0.00876465 ms - Host latency: 0.0240234 ms (enqueue 0.0149414 ms)
[02/23/2026-00:36:41] [I] Average on 10 runs - GPU latency: 0.00895996 ms - Host latency: 0.0240234 ms (enqueue 0.0146729 ms)
[02/23/2026-00:36:41] [I] Average on 10 runs - GPU latency: 0.00888672 ms - Host latency: 0.0259277 ms (enqueue 0.0150879 ms)
[02/23/2026-00:36:41] [I] Average on 10 runs - GPU latency: 0.00917969 ms - Host latency: 0.0242432 ms (enqueue 0.014209 ms)
[02/23/2026-00:36:41] [I] Average on 10 runs - GPU latency: 0.0095459 ms - Host latency: 0.0249268 ms (enqueue 0.0158447 ms)
[02/23/2026-00:36:41] [I] Average on 10 runs - GPU latency: 0.00932617 ms - Host latency: 0.0243408 ms (enqueue 0.0142334 ms)
[02/23/2026-00:36:41] [I] Average on 10 runs - GPU latency: 0.00910645 ms - Host latency: 0.024292 ms (enqueue 0.0152832 ms)
[02/23/2026-00:36:41] [I] Average on 10 runs - GPU latency: 0.00917969 ms - Host latency: 0.0245117 ms (enqueue 0.014624 ms)
[02/23/2026-00:36:41] [I] Average on 10 runs - GPU latency: 0.0102051 ms - Host latency: 0.025293 ms (enqueue 0.0160889 ms)
[02/23/2026-00:36:41] [I] Average on 10 runs - GPU latency: 0.00881348 ms - Host latency: 0.0241455 ms (enqueue 0.0145996 ms)
[02/23/2026-00:36:41] [I] Average on 10 runs - GPU latency: 0.0102051 ms - Host latency: 0.0258057 ms (enqueue 0.0162109 ms)
[02/23/2026-00:36:41] [I] Average on 10 runs - GPU latency: 0.0090332 ms - Host latency: 0.0242676 ms (enqueue 0.0149658 ms)
[02/23/2026-00:36:41] [I] Average on 10 runs - GPU latency: 0.00888672 ms - Host latency: 0.023999 ms (enqueue 0.0143555 ms)
[02/23/2026-00:36:41] [I] Average on 10 runs - GPU latency: 0.00893555 ms - Host latency: 0.0241455 ms (enqueue 0.0147705 ms)
[02/23/2026-00:36:41] [I] Average on 10 runs - GPU latency: 0.0088623 ms - Host latency: 0.0239502 ms (enqueue 0.0148926 ms)
[02/23/2026-00:36:41] [I] Average on 10 runs - GPU latency: 0.00910645 ms - Host latency: 0.024292 ms (enqueue 0.0151611 ms)
[02/23/2026-00:36:41] [I] Average on 10 runs - GPU latency: 0.00895996 ms - Host latency: 0.023877 ms (enqueue 0.0152832 ms)
[02/23/2026-00:36:41] [I] Average on 10 runs - GPU latency: 0.0100342 ms - Host latency: 0.025415 ms (enqueue 0.0162842 ms)
[02/23/2026-00:36:41] [I] Average on 10 runs - GPU latency: 0.00927734 ms - Host latency: 0.0242676 ms (enqueue 0.0145264 ms)
[02/23/2026-00:36:41] [I] Average on 10 runs - GPU latency: 0.00983887 ms - Host latency: 0.026001 ms (enqueue 0.0153809 ms)
[02/23/2026-00:36:41] [I] Average on 10 runs - GPU latency: 0.00888672 ms - Host latency: 0.0239258 ms (enqueue 0.0145508 ms)
[02/23/2026-00:36:41] [I] Average on 10 runs - GPU latency: 0.00883789 ms - Host latency: 0.0240967 ms (enqueue 0.0146729 ms)
[02/23/2026-00:36:41] [I] Average on 10 runs - GPU latency: 0.00930176 ms - Host latency: 0.0248291 ms (enqueue 0.0151123 ms)
[02/23/2026-00:36:41] [I] Average on 10 runs - GPU latency: 0.00900879 ms - Host latency: 0.025708 ms (enqueue 0.0147461 ms)
[02/23/2026-00:36:41] [I] Average on 10 runs - GPU latency: 0.00891113 ms - Host latency: 0.0242432 ms (enqueue 0.0147949 ms)
[02/23/2026-00:36:41] [I] Average on 10 runs - GPU latency: 0.0092041 ms - Host latency: 0.024292 ms (enqueue 0.0144531 ms)
[02/23/2026-00:36:41] [I] Average on 10 runs - GPU latency: 0.00961914 ms - Host latency: 0.0248291 ms (enqueue 0.0161377 ms)
[02/23/2026-00:36:41] [I] Average on 10 runs - GPU latency: 0.00900879 ms - Host latency: 0.024292 ms (enqueue 0.0149658 ms)
[02/23/2026-00:36:41] [I] Average on 10 runs - GPU latency: 0.0088623 ms - Host latency: 0.0258545 ms (enqueue 0.0151123 ms)
[02/23/2026-00:36:41] [I] Average on 10 runs - GPU latency: 0.0088623 ms - Host latency: 0.0243408 ms (enqueue 0.0147949 ms)
[02/23/2026-00:36:41] [I] Average on 10 runs - GPU latency: 0.0101562 ms - Host latency: 0.0256348 ms (enqueue 0.0161865 ms)
[02/23/2026-00:36:41] [I] Average on 10 runs - GPU latency: 0.00905762 ms - Host latency: 0.0240479 ms (enqueue 0.0147949 ms)
[02/23/2026-00:36:41] [I] Average on 10 runs - GPU latency: 0.00905762 ms - Host latency: 0.0254639 ms (enqueue 0.0150391 ms)
[02/23/2026-00:36:41] [I] Average on 10 runs - GPU latency: 0.00859375 ms - Host latency: 0.0243408 ms (enqueue 0.0151855 ms)
[02/23/2026-00:36:41] [I] Average on 10 runs - GPU latency: 0.00979004 ms - Host latency: 0.0245117 ms (enqueue 0.0163086 ms)
[02/23/2026-00:36:41] [I] Average on 10 runs - GPU latency: 0.00930176 ms - Host latency: 0.0242432 ms (enqueue 0.0147461 ms)
[02/23/2026-00:36:41] [I] Average on 10 runs - GPU latency: 0.0101074 ms - Host latency: 0.0253662 ms (enqueue 0.014917 ms)
[02/23/2026-00:36:41] [I] Average on 10 runs - GPU latency: 0.00893555 ms - Host latency: 0.0242432 ms (enqueue 0.0146484 ms)
[02/23/2026-00:36:41] [I] Average on 10 runs - GPU latency: 0.00935059 ms - Host latency: 0.0243896 ms (enqueue 0.0150391 ms)
[02/23/2026-00:36:41] [I] Average on 10 runs - GPU latency: 0.00874023 ms - Host latency: 0.0238037 ms (enqueue 0.0148926 ms)
[02/23/2026-00:36:41] [I] Average on 10 runs - GPU latency: 0.00913086 ms - Host latency: 0.0239258 ms (enqueue 0.0145508 ms)
[02/23/2026-00:36:41] [I] Average on 10 runs - GPU latency: 0.00957031 ms - Host latency: 0.0263916 ms (enqueue 0.0154785 ms)
[02/23/2026-00:36:41] [I] Average on 10 runs - GPU latency: 0.00908203 ms - Host latency: 0.0241943 ms (enqueue 0.0148437 ms)
[02/23/2026-00:36:41] [I] Average on 10 runs - GPU latency: 0.00888672 ms - Host latency: 0.0253418 ms (enqueue 0.0146729 ms)
[02/23/2026-00:36:41] [I] Average on 10 runs - GPU latency: 0.00910645 ms - Host latency: 0.0240723 ms (enqueue 0.0149658 ms)
[02/23/2026-00:36:41] [I] Average on 10 runs - GPU latency: 0.00898437 ms - Host latency: 0.0243652 ms (enqueue 0.0148437 ms)
[02/23/2026-00:36:41] [I] Average on 10 runs - GPU latency: 0.00932617 ms - Host latency: 0.0243896 ms (enqueue 0.0147705 ms)
[02/23/2026-00:36:41] [I] Average on 10 runs - GPU latency: 0.0088623 ms - Host latency: 0.0249268 ms (enqueue 0.014624 ms)
[02/23/2026-00:36:41] [I] Average on 10 runs - GPU latency: 0.00898437 ms - Host latency: 0.0240967 ms (enqueue 0.0141602 ms)
[02/23/2026-00:36:41] [I] Average on 10 runs - GPU latency: 0.00849609 ms - Host latency: 0.0235107 ms (enqueue 0.0149658 ms)
[02/23/2026-00:36:41] [I] Average on 10 runs - GPU latency: 0.00883789 ms - Host latency: 0.0242187 ms (enqueue 0.014917 ms)
[02/23/2026-00:36:41] [I] Average on 10 runs - GPU latency: 0.00905762 ms - Host latency: 0.0241211 ms (enqueue 0.014624 ms)
[02/23/2026-00:36:41] [I] Average on 10 runs - GPU latency: 0.00888672 ms - Host latency: 0.0251465 ms (enqueue 0.0148682 ms)
[02/23/2026-00:36:41] [I] Average on 10 runs - GPU latency: 0.00915527 ms - Host latency: 0.0244873 ms (enqueue 0.0148437 ms)
[02/23/2026-00:36:41] [I] Average on 10 runs - GPU latency: 0.00908203 ms - Host latency: 0.023999 ms (enqueue 0.0151123 ms)
[02/23/2026-00:36:41] [I] Average on 10 runs - GPU latency: 0.00935059 ms - Host latency: 0.0240234 ms (enqueue 0.0148437 ms)
[02/23/2026-00:36:41] [I] Average on 10 runs - GPU latency: 0.00898437 ms - Host latency: 0.0244873 ms (enqueue 0.0148437 ms)
[02/23/2026-00:36:41] [I] Average on 10 runs - GPU latency: 0.00893555 ms - Host latency: 0.0240723 ms (enqueue 0.0147461 ms)
[02/23/2026-00:36:41] [I] Average on 10 runs - GPU latency: 0.010791 ms - Host latency: 0.0263672 ms (enqueue 0.0157959 ms)
[02/23/2026-00:36:41] [I] Average on 10 runs - GPU latency: 0.00905762 ms - Host latency: 0.0244141 ms (enqueue 0.0148682 ms)
[02/23/2026-00:36:41] [I] Average on 10 runs - GPU latency: 0.0090332 ms - Host latency: 0.0243896 ms (enqueue 0.0145996 ms)
[02/23/2026-00:36:41] [I] Average on 10 runs - GPU latency: 0.00891113 ms - Host latency: 0.0239014 ms (enqueue 0.0148193 ms)
[02/23/2026-00:36:41] [I] Average on 10 runs - GPU latency: 0.0103027 ms - Host latency: 0.0257568 ms (enqueue 0.0159912 ms)
[02/23/2026-00:36:41] [I] Average on 10 runs - GPU latency: 0.00895996 ms - Host latency: 0.0244629 ms (enqueue 0.0150635 ms)
[02/23/2026-00:36:41] [I] Average on 10 runs - GPU latency: 0.00900879 ms - Host latency: 0.0240723 ms (enqueue 0.0147217 ms)
[02/23/2026-00:36:41] [I] Average on 10 runs - GPU latency: 0.0098877 ms - Host latency: 0.0252441 ms (enqueue 0.01604 ms)
[02/23/2026-00:36:41] [I] Average on 10 runs - GPU latency: 0.00913086 ms - Host latency: 0.0242676 ms (enqueue 0.0144531 ms)
[02/23/2026-00:36:41] [I] Average on 10 runs - GPU latency: 0.00864258 ms - Host latency: 0.0239258 ms (enqueue 0.0144531 ms)
[02/23/2026-00:36:41] [I] Average on 10 runs - GPU latency: 0.00874023 ms - Host latency: 0.0240479 ms (enqueue 0.0148926 ms)
[02/23/2026-00:36:41] [I] Average on 10 runs - GPU latency: 0.00981445 ms - Host latency: 0.0250244 ms (enqueue 0.0148437 ms)
[02/23/2026-00:36:41] [I] Average on 10 runs - GPU latency: 0.00876465 ms - Host latency: 0.0240479 ms (enqueue 0.0149414 ms)
[02/23/2026-00:36:41] [I] Average on 10 runs - GPU latency: 0.00893555 ms - Host latency: 0.0241943 ms (enqueue 0.0150146 ms)
[02/23/2026-00:36:41] [I] Average on 10 runs - GPU latency: 0.0097168 ms - Host latency: 0.0248047 ms (enqueue 0.0145996 ms)
[02/23/2026-00:36:41] [I] Average on 10 runs - GPU latency: 0.00949707 ms - Host latency: 0.0246826 ms (enqueue 0.0155029 ms)
[02/23/2026-00:36:41] [I] Average on 10 runs - GPU latency: 0.00852051 ms - Host latency: 0.0238037 ms (enqueue 0.0150391 ms)
[02/23/2026-00:36:41] [I] Average on 10 runs - GPU latency: 0.0102051 ms - Host latency: 0.0250977 ms (enqueue 0.0162598 ms)
[02/23/2026-00:36:41] [I] Average on 10 runs - GPU latency: 0.00876465 ms - Host latency: 0.0239746 ms (enqueue 0.0154541 ms)
[02/23/2026-00:36:41] [I] Average on 10 runs - GPU latency: 0.00905762 ms - Host latency: 0.0244629 ms (enqueue 0.0147705 ms)
[02/23/2026-00:36:41] [I] Average on 10 runs - GPU latency: 0.0090332 ms - Host latency: 0.025293 ms (enqueue 0.0148682 ms)
[02/23/2026-00:36:41] [I] Average on 10 runs - GPU latency: 0.0092041 ms - Host latency: 0.0240479 ms (enqueue 0.0143799 ms)
[02/23/2026-00:36:41] [I] Average on 10 runs - GPU latency: 0.00908203 ms - Host latency: 0.0257812 ms (enqueue 0.0147949 ms)
[02/23/2026-00:36:41] [I] Average on 10 runs - GPU latency: 0.00913086 ms - Host latency: 0.0241455 ms (enqueue 0.014502 ms)
[02/23/2026-00:36:41] [I] Average on 10 runs - GPU latency: 0.0102051 ms - Host latency: 0.0252686 ms (enqueue 0.0156494 ms)
[02/23/2026-00:36:41] [I] Average on 10 runs - GPU latency: 0.00915527 ms - Host latency: 0.0241699 ms (enqueue 0.0147705 ms)
[02/23/2026-00:36:41] [I] Average on 10 runs - GPU latency: 0.00913086 ms - Host latency: 0.0255371 ms (enqueue 0.0152588 ms)
[02/23/2026-00:36:41] [I] Average on 10 runs - GPU latency: 0.00859375 ms - Host latency: 0.023877 ms (enqueue 0.0149658 ms)
[02/23/2026-00:36:41] [I] Average on 10 runs - GPU latency: 0.0104736 ms - Host latency: 0.0258057 ms (enqueue 0.0162598 ms)
[02/23/2026-00:36:41] [I] Average on 10 runs - GPU latency: 0.00883789 ms - Host latency: 0.0238525 ms (enqueue 0.0149414 ms)
[02/23/2026-00:36:41] [I] Average on 10 runs - GPU latency: 0.0100342 ms - Host latency: 0.0254883 ms (enqueue 0.0162354 ms)
[02/23/2026-00:36:41] [I] Average on 10 runs - GPU latency: 0.0088623 ms - Host latency: 0.0245361 ms (enqueue 0.0146729 ms)
[02/23/2026-00:36:41] [I] Average on 10 runs - GPU latency: 0.0088623 ms - Host latency: 0.023999 ms (enqueue 0.0146484 ms)
[02/23/2026-00:36:41] [I] Average on 10 runs - GPU latency: 0.00891113 ms - Host latency: 0.023999 ms (enqueue 0.0145264 ms)
[02/23/2026-00:36:41] [I] Average on 10 runs - GPU latency: 0.00900879 ms - Host latency: 0.0237793 ms (enqueue 0.0148437 ms)
[02/23/2026-00:36:41] [I] Average on 10 runs - GPU latency: 0.0101562 ms - Host latency: 0.0255371 ms (enqueue 0.0159424 ms)
[02/23/2026-00:36:41] [I] Average on 10 runs - GPU latency: 0.00895996 ms - Host latency: 0.0243652 ms (enqueue 0.0149414 ms)
[02/23/2026-00:36:41] [I] Average on 10 runs - GPU latency: 0.0092041 ms - Host latency: 0.0255127 ms (enqueue 0.0145996 ms)
[02/23/2026-00:36:41] [I] Average on 10 runs - GPU latency: 0.00900879 ms - Host latency: 0.0244873 ms (enqueue 0.0147705 ms)
[02/23/2026-00:36:41] [I] Average on 10 runs - GPU latency: 0.00900879 ms - Host latency: 0.023999 ms (enqueue 0.0149414 ms)
[02/23/2026-00:36:41] [I] Average on 10 runs - GPU latency: 0.00891113 ms - Host latency: 0.0239502 ms (enqueue 0.0146484 ms)
[02/23/2026-00:36:41] [I] Average on 10 runs - GPU latency: 0.0101562 ms - Host latency: 0.0256104 ms (enqueue 0.014624 ms)
[02/23/2026-00:36:41] [I] Average on 10 runs - GPU latency: 0.00888672 ms - Host latency: 0.024292 ms (enqueue 0.0145508 ms)
[02/23/2026-00:36:41] [I] Average on 10 runs - GPU latency: 0.00986328 ms - Host latency: 0.0252686 ms (enqueue 0.0166504 ms)
[02/23/2026-00:36:41] [I] Average on 10 runs - GPU latency: 0.0110596 ms - Host latency: 0.0262207 ms (enqueue 0.0177979 ms)
[02/23/2026-00:36:41] [I] Average on 10 runs - GPU latency: 0.00900879 ms - Host latency: 0.0244385 ms (enqueue 0.0155273 ms)
[02/23/2026-00:36:41] [I] Average on 10 runs - GPU latency: 0.0102051 ms - Host latency: 0.0256348 ms (enqueue 0.0166504 ms)
[02/23/2026-00:36:41] [I] Average on 10 runs - GPU latency: 0.00888672 ms - Host latency: 0.0241699 ms (enqueue 0.0147217 ms)
[02/23/2026-00:36:41] [I] Average on 10 runs - GPU latency: 0.00927734 ms - Host latency: 0.0245361 ms (enqueue 0.0147461 ms)
[02/23/2026-00:36:41] [I] Average on 10 runs - GPU latency: 0.00969238 ms - Host latency: 0.0254883 ms (enqueue 0.0162109 ms)
[02/23/2026-00:36:41] [I] Average on 10 runs - GPU latency: 0.00905762 ms - Host latency: 0.0243408 ms (enqueue 0.0151855 ms)
[02/23/2026-00:36:41] [I] Average on 10 runs - GPU latency: 0.0088623 ms - Host latency: 0.0240723 ms (enqueue 0.0146484 ms)
[02/23/2026-00:36:41] [I] Average on 10 runs - GPU latency: 0.00883789 ms - Host latency: 0.0249512 ms (enqueue 0.0150391 ms)
[02/23/2026-00:36:41] [I] Average on 10 runs - GPU latency: 0.00917969 ms - Host latency: 0.0246338 ms (enqueue 0.0149902 ms)
[02/23/2026-00:36:41] [I] Average on 10 runs - GPU latency: 0.00878906 ms - Host latency: 0.0240234 ms (enqueue 0.0148437 ms)
[02/23/2026-00:36:41] [I] Average on 10 runs - GPU latency: 0.00910645 ms - Host latency: 0.023999 ms (enqueue 0.0144531 ms)
[02/23/2026-00:36:41] [I] Average on 10 runs - GPU latency: 0.0100342 ms - Host latency: 0.0254395 ms (enqueue 0.0165527 ms)
[02/23/2026-00:36:41] [I] Average on 10 runs - GPU latency: 0.00893555 ms - Host latency: 0.0240479 ms (enqueue 0.0146729 ms)
[02/23/2026-00:36:41] [I] Average on 10 runs - GPU latency: 0.0088623 ms - Host latency: 0.023999 ms (enqueue 0.0147217 ms)
[02/23/2026-00:36:41] [I] Average on 10 runs - GPU latency: 0.00895996 ms - Host latency: 0.0236572 ms (enqueue 0.0153809 ms)
[02/23/2026-00:36:41] [I] Average on 10 runs - GPU latency: 0.0090332 ms - Host latency: 0.0244141 ms (enqueue 0.0151123 ms)
[02/23/2026-00:36:41] [I] Average on 10 runs - GPU latency: 0.0113525 ms - Host latency: 0.0266846 ms (enqueue 0.0166992 ms)
[02/23/2026-00:36:41] [I] Average on 10 runs - GPU latency: 0.00895996 ms - Host latency: 0.0241943 ms (enqueue 0.0145264 ms)
[02/23/2026-00:36:41] [I] Average on 10 runs - GPU latency: 0.00947266 ms - Host latency: 0.0259521 ms (enqueue 0.0150635 ms)
[02/23/2026-00:36:41] [I] Average on 10 runs - GPU latency: 0.00910645 ms - Host latency: 0.0239502 ms (enqueue 0.014502 ms)
[02/23/2026-00:36:41] [I] Average on 10 runs - GPU latency: 0.00888672 ms - Host latency: 0.0240234 ms (enqueue 0.0145996 ms)
[02/23/2026-00:36:41] [I] Average on 10 runs - GPU latency: 0.00898437 ms - Host latency: 0.0242432 ms (enqueue 0.014624 ms)
[02/23/2026-00:36:41] [I] Average on 10 runs - GPU latency: 0.0088623 ms - Host latency: 0.0241699 ms (enqueue 0.0148437 ms)
[02/23/2026-00:36:41] [I] Average on 10 runs - GPU latency: 0.00871582 ms - Host latency: 0.0238037 ms (enqueue 0.0147705 ms)
[02/23/2026-00:36:41] [I] Average on 10 runs - GPU latency: 0.0088623 ms - Host latency: 0.0249023 ms (enqueue 0.0147217 ms)
[02/23/2026-00:36:41] [I] Average on 10 runs - GPU latency: 0.00910645 ms - Host latency: 0.0242187 ms (enqueue 0.0151123 ms)
[02/23/2026-00:36:41] [I] Average on 10 runs - GPU latency: 0.010376 ms - Host latency: 0.0259033 ms (enqueue 0.0148682 ms)
[02/23/2026-00:36:41] [I] Average on 10 runs - GPU latency: 0.0090332 ms - Host latency: 0.0242432 ms (enqueue 0.0152344 ms)
[02/23/2026-00:36:41] [I] Average on 10 runs - GPU latency: 0.00876465 ms - Host latency: 0.0235107 ms (enqueue 0.0145508 ms)
[02/23/2026-00:36:41] [I] Average on 10 runs - GPU latency: 0.00883789 ms - Host latency: 0.0241211 ms (enqueue 0.0148193 ms)
[02/23/2026-00:36:41] [I] Average on 10 runs - GPU latency: 0.00874023 ms - Host latency: 0.0239014 ms (enqueue 0.0143799 ms)
[02/23/2026-00:36:41] [I] Average on 10 runs - GPU latency: 0.00927734 ms - Host latency: 0.023999 ms (enqueue 0.0149658 ms)
[02/23/2026-00:36:41] [I] Average on 10 runs - GPU latency: 0.00876465 ms - Host latency: 0.0239502 ms (enqueue 0.0139404 ms)
[02/23/2026-00:36:41] [I] Average on 10 runs - GPU latency: 0.00917969 ms - Host latency: 0.0240234 ms (enqueue 0.01521 ms)
[02/23/2026-00:36:41] [I] Average on 10 runs - GPU latency: 0.0088623 ms - Host latency: 0.0242187 ms (enqueue 0.0145508 ms)
[02/23/2026-00:36:41] [I] Average on 10 runs - GPU latency: 0.0102783 ms - Host latency: 0.0259033 ms (enqueue 0.0165771 ms)
[02/23/2026-00:36:41] [I] Average on 10 runs - GPU latency: 0.0090332 ms - Host latency: 0.024292 ms (enqueue 0.0149902 ms)
[02/23/2026-00:36:41] [I] Average on 10 runs - GPU latency: 0.0101807 ms - Host latency: 0.0253418 ms (enqueue 0.01604 ms)
[02/23/2026-00:36:41] [I] Average on 10 runs - GPU latency: 0.00891113 ms - Host latency: 0.0241943 ms (enqueue 0.0148193 ms)
[02/23/2026-00:36:41] [I] Average on 10 runs - GPU latency: 0.00910645 ms - Host latency: 0.0243652 ms (enqueue 0.0148193 ms)
[02/23/2026-00:36:41] [I] Average on 10 runs - GPU latency: 0.0090332 ms - Host latency: 0.0242676 ms (enqueue 0.0146973 ms)
[02/23/2026-00:36:41] [I] Average on 10 runs - GPU latency: 0.00888672 ms - Host latency: 0.023877 ms (enqueue 0.0151123 ms)
[02/23/2026-00:36:41] [I] Average on 10 runs - GPU latency: 0.00869141 ms - Host latency: 0.0250732 ms (enqueue 0.0150146 ms)
[02/23/2026-00:36:41] [I] Average on 10 runs - GPU latency: 0.00942383 ms - Host latency: 0.0242187 ms (enqueue 0.0148437 ms)
[02/23/2026-00:36:41] [I] Average on 10 runs - GPU latency: 0.0101318 ms - Host latency: 0.0255127 ms (enqueue 0.0163086 ms)
[02/23/2026-00:36:41] [I] Average on 10 runs - GPU latency: 0.00881348 ms - Host latency: 0.023999 ms (enqueue 0.0147705 ms)
[02/23/2026-00:36:41] [I] Average on 10 runs - GPU latency: 0.00878906 ms - Host latency: 0.0239258 ms (enqueue 0.0147705 ms)
[02/23/2026-00:36:41] [I] Average on 10 runs - GPU latency: 0.00876465 ms - Host latency: 0.023999 ms (enqueue 0.0147949 ms)
[02/23/2026-00:36:41] [I] Average on 10 runs - GPU latency: 0.00861816 ms - Host latency: 0.0240967 ms (enqueue 0.0149414 ms)
[02/23/2026-00:36:41] [I] Average on 10 runs - GPU latency: 0.00869141 ms - Host latency: 0.0238525 ms (enqueue 0.0147461 ms)
[02/23/2026-00:36:41] [I] Average on 10 runs - GPU latency: 0.0098877 ms - Host latency: 0.0256104 ms (enqueue 0.0162354 ms)
[02/23/2026-00:36:41] [I] Average on 10 runs - GPU latency: 0.00961914 ms - Host latency: 0.0248779 ms (enqueue 0.0151855 ms)
[02/23/2026-00:36:41] [I] Average on 10 runs - GPU latency: 0.00876465 ms - Host latency: 0.0238281 ms (enqueue 0.0145752 ms)
[02/23/2026-00:36:41] [I] Average on 10 runs - GPU latency: 0.00883789 ms - Host latency: 0.0241211 ms (enqueue 0.0147949 ms)
[02/23/2026-00:36:41] [I] Average on 10 runs - GPU latency: 0.00910645 ms - Host latency: 0.0241211 ms (enqueue 0.0149902 ms)
[02/23/2026-00:36:41] [I] Average on 10 runs - GPU latency: 0.00898437 ms - Host latency: 0.0237793 ms (enqueue 0.0147949 ms)
[02/23/2026-00:36:41] [I] Average on 10 runs - GPU latency: 0.00908203 ms - Host latency: 0.0242676 ms (enqueue 0.0146973 ms)
[02/23/2026-00:36:41] [I] Average on 10 runs - GPU latency: 0.00893555 ms - Host latency: 0.0249268 ms (enqueue 0.0149414 ms)
[02/23/2026-00:36:41] [I] Average on 10 runs - GPU latency: 0.00908203 ms - Host latency: 0.0241211 ms (enqueue 0.0149414 ms)
[02/23/2026-00:36:41] [I] Average on 10 runs - GPU latency: 0.0109131 ms - Host latency: 0.026123 ms (enqueue 0.0164307 ms)
[02/23/2026-00:36:41] [I] Average on 10 runs - GPU latency: 0.00881348 ms - Host latency: 0.0238037 ms (enqueue 0.0148193 ms)
[02/23/2026-00:36:41] [I] Average on 10 runs - GPU latency: 0.00893555 ms - Host latency: 0.0246826 ms (enqueue 0.015332 ms)
[02/23/2026-00:36:41] [I] Average on 10 runs - GPU latency: 0.00874023 ms - Host latency: 0.0241455 ms (enqueue 0.0148193 ms)
[02/23/2026-00:36:41] [I] Average on 10 runs - GPU latency: 0.0101318 ms - Host latency: 0.0255127 ms (enqueue 0.01604 ms)
[02/23/2026-00:36:41] [I] Average on 10 runs - GPU latency: 0.00878906 ms - Host latency: 0.0240967 ms (enqueue 0.0147461 ms)
[02/23/2026-00:36:41] [I] Average on 10 runs - GPU latency: 0.00898437 ms - Host latency: 0.0240479 ms (enqueue 0.0145508 ms)
[02/23/2026-00:36:41] [I] Average on 10 runs - GPU latency: 0.00893555 ms - Host latency: 0.0252197 ms (enqueue 0.0151367 ms)
[02/23/2026-00:36:41] [I] 
[02/23/2026-00:36:41] [I] === Performance summary ===
[02/23/2026-00:36:41] [I] Throughput: 26569.3 qps
[02/23/2026-00:36:41] [I] Latency: min = 0.0213623 ms, max = 46.3574 ms, mean = 0.0247573 ms, median = 0.0234375 ms, percentile(90%) = 0.0268402 ms, percentile(95%) = 0.0297852 ms, percentile(99%) = 0.0357666 ms
[02/23/2026-00:36:41] [I] Enqueue Time: min = 0.00979614 ms, max = 46.3272 ms, mean = 0.0129998 ms, median = 0.0113525 ms, percentile(90%) = 0.0160217 ms, percentile(95%) = 0.0169678 ms, percentile(99%) = 0.0253906 ms
[02/23/2026-00:36:41] [I] H2D Latency: min = 0.0106812 ms, max = 0.0402832 ms, mean = 0.0116428 ms, median = 0.0114746 ms, percentile(90%) = 0.012207 ms, percentile(95%) = 0.0124512 ms, percentile(99%) = 0.0134277 ms
[02/23/2026-00:36:41] [I] GPU Compute Time: min = 0.00805664 ms, max = 46.32 ms, mean = 0.0099377 ms, median = 0.0090332 ms, percentile(90%) = 0.0100708 ms, percentile(95%) = 0.0117493 ms, percentile(99%) = 0.0159912 ms
[02/23/2026-00:36:41] [I] D2H Latency: min = 0.00244141 ms, max = 0.0270996 ms, mean = 0.00317658 ms, median = 0.00268555 ms, percentile(90%) = 0.0037384 ms, percentile(95%) = 0.00439453 ms, percentile(99%) = 0.0118408 ms
[02/23/2026-00:36:41] [I] Total Host Walltime: 2.99997 s
[02/23/2026-00:36:41] [I] Total GPU Compute Time: 0.792104 s
[02/23/2026-00:36:41] [I] Explanations of the performance metrics are printed in the verbose logs.
[02/23/2026-00:36:41] [I] 
&&&& PASSED TensorRT.trtexec [TensorRT v100300] # trtexec --loadEngine=reports/ci_zisn2/model_fp16.plan --iterations=1 --warmUp=0
